Archive member included to satisfy reference by file (symbol)

/opt/devkitpro/libctru/lib/libctru.a(gfx.o)
                              main.o (gfxInitDefault)
/opt/devkitpro/libctru/lib/libctru.a(gx.o)
                              /opt/devkitpro/libctru/lib/libctru.a(gfx.o) (gxCmdBuf)
/opt/devkitpro/libctru/lib/libctru.a(gspgpu.o)
                              /opt/devkitpro/libctru/lib/libctru.a(gfx.o) (gspInit)
/opt/devkitpro/libctru/lib/libctru.a(apt.o)
                              main.o (aptMainLoop)
/opt/devkitpro/libctru/lib/libctru.a(hid.o)
                              main.o (hidScanInput)
/opt/devkitpro/libctru/lib/libctru.a(initSystem.o)
                              /opt/devkitpro/libctru/lib/libctru.a(apt.o) (__system_retAddr)
/opt/devkitpro/libctru/lib/libctru.a(syscalls.o)
                              /opt/devkitpro/libctru/lib/libctru.a(initSystem.o) (__system_initSyscalls)
/opt/devkitpro/libctru/lib/libctru.a(allocateHeaps.o)
                              /opt/devkitpro/libctru/lib/libctru.a(initSystem.o) (__system_allocateHeaps)
/opt/devkitpro/libctru/lib/libctru.a(initArgv.o)
                              /opt/devkitpro/libctru/lib/libctru.a(initSystem.o) (__system_initArgv)
/opt/devkitpro/libctru/lib/libctru.a(svc.o)
                              /opt/devkitpro/libctru/lib/libctru.a(allocateHeaps.o) (svcControlMemory)
/opt/devkitpro/libctru/lib/libctru.a(stack_adjust.o)
                              /opt/devkitpro/devkitARM/lib/gcc/arm-none-eabi/5.3.0/../../../../arm-none-eabi/lib/armv6k/fpu/3dsx_crt0.o (initSystem)
/opt/devkitpro/libctru/lib/libctru.a(vram.o)
                              /opt/devkitpro/libctru/lib/libctru.a(gfx.o) (vramAlloc)
/opt/devkitpro/libctru/lib/libctru.a(mappable.o)
                              /opt/devkitpro/libctru/lib/libctru.a(gfx.o) (mappableAlloc)
/opt/devkitpro/libctru/lib/libctru.a(linear.o)
                              /opt/devkitpro/libctru/lib/libctru.a(gfx.o) (linearAlloc)
/opt/devkitpro/libctru/lib/libctru.a(mem_pool.o)
                              /opt/devkitpro/libctru/lib/libctru.a(vram.o) (MemPool::Allocate(MemChunk&, unsigned long, int))
/opt/devkitpro/libctru/lib/libctru.a(synchronization.o)
                              /opt/devkitpro/libctru/lib/libctru.a(initSystem.o) (__sync_init)
/opt/devkitpro/libctru/lib/libctru.a(os.o)
                              /opt/devkitpro/libctru/lib/libctru.a(allocateHeaps.o) (osGetMemRegionUsed)
/opt/devkitpro/libctru/lib/libctru.a(srv.o)
                              /opt/devkitpro/libctru/lib/libctru.a(apt.o) (srvInit)
/opt/devkitpro/libctru/lib/libctru.a(thread.o)
                              /opt/devkitpro/libctru/lib/libctru.a(gspgpu.o) (threadCreate)
/opt/devkitpro/libctru/lib/libctru.a(irrst.o)
                              /opt/devkitpro/libctru/lib/libctru.a(hid.o) (irrstScanInput)
/opt/devkitpro/libctru/lib/libctru.a(ptmsysm.o)
                              /opt/devkitpro/libctru/lib/libctru.a(os.o) (ptmSysmInit)
/opt/devkitpro/libctru/lib/libctru.a(rbtree_init.o)
                              /opt/devkitpro/libctru/lib/libctru.a(vram.o) (rbtree_init)
/opt/devkitpro/libctru/lib/libctru.a(rbtree_insert.o)
                              /opt/devkitpro/libctru/lib/libctru.a(vram.o) (rbtree_insert)
/opt/devkitpro/libctru/lib/libctru.a(rbtree_rotate.o)
                              /opt/devkitpro/libctru/lib/libctru.a(rbtree_insert.o) (rbtree_rotate)
/opt/devkitpro/libctru/lib/libctru.a(rbtree_remove.o)
                              /opt/devkitpro/libctru/lib/libctru.a(vram.o) (rbtree_remove)
/opt/devkitpro/libctru/lib/libctru.a(rbtree_find.o)
                              /opt/devkitpro/libctru/lib/libctru.a(vram.o) (rbtree_find)
/opt/devkitpro/libctru/lib/libctru.a(appInit.o)
                              /opt/devkitpro/libctru/lib/libctru.a(stack_adjust.o) (__appInit)
/opt/devkitpro/libctru/lib/libctru.a(appExit.o)
                              /opt/devkitpro/libctru/lib/libctru.a(stack_adjust.o) (__appExit)
/opt/devkitpro/libctru/lib/libctru.a(ctru_exit.o)
                              /opt/devkitpro/libctru/lib/libctru.a(stack_adjust.o) (__libctru_exit)
/opt/devkitpro/libctru/lib/libctru.a(env.o)
                              /opt/devkitpro/libctru/lib/libctru.a(srv.o) (envGetHandle)
/opt/devkitpro/libctru/lib/libctru.a(sdmc_dev.o)
                              /opt/devkitpro/libctru/lib/libctru.a(appInit.o) (sdmcInit)
/opt/devkitpro/libctru/lib/libctru.a(fs.o)
                              /opt/devkitpro/libctru/lib/libctru.a(appInit.o) (fsInit)
/opt/devkitpro/libctru/lib/libctru.a(rbtree_iterator.o)
                              /opt/devkitpro/libctru/lib/libctru.a(rbtree_remove.o) (rbtree_node_next)
/opt/devkitpro/libctru/lib/libctru.a(utf8_to_utf16.o)
                              /opt/devkitpro/libctru/lib/libctru.a(sdmc_dev.o) (utf8_to_utf16)
/opt/devkitpro/libctru/lib/libctru.a(decode_utf8.o)
[...]
Memory Configuration

Name             Origin             Length             Attributes
*default*        0x0000000000000000 0xffffffffffffffff

Linker script and memory map

                0x0000000000100000                . = 0x100000
                0x0000000000100000                __start__ = .

.text           0x0000000000100000     0x8c44
 *(.crt0)
 .crt0          0x0000000000100000       0x94 /opt/devkitpro/devkitARM/lib/gcc/arm-none-eabi/5.3.0/../../../../arm-none-eabi/lib/armv6k/fpu/3dsx_crt0.o
                0x0000000000100000                _start
                0x0000000000100008                __service_ptr
                0x000000000010000c                __apt_appid
                0x0000000000100010                __heap_size
                0x0000000000100014                __linear_heap_size
                0x0000000000100018                __system_arglist
                0x000000000010001c                __system_runflags
 *(.init)
 .init          0x0000000000100094        0xc /opt/devkitpro/devkitARM/lib/gcc/arm-none-eabi/5.3.0/armv6k/fpu/crti.o
                0x0000000000100094                _init
 .init          0x00000000001000a0        0xc /opt/devkitpro/devkitARM/lib/gcc/arm-none-eabi/5.3.0/armv6k/fpu/crtn.o
                0x00000000001000ac                . = ALIGN (0x4)
 *(.text)
 .text          0x00000000001000ac      0x108 /opt/devkitpro/devkitARM/lib/gcc/arm-none-eabi/5.3.0/armv6k/fpu/crtbegin.o
 .text          0x00000000001001b4       0x64 /opt/devkitpro/libctru/lib/libctru.a(stack_adjust.o)
                0x00000000001001b4                initSystem
                0x00000000001001f8                __ctru_exit
 .text          0x0000000000100218        0x4 /opt/devkitpro/devkitARM/lib/gcc/arm-none-eabi/5.3.0/armv6k/fpu/libgcc.a(_dvmd_tls.o)
                0x0000000000100218                __aeabi_ldiv0
                0x0000000000100218                __aeabi_idiv0
 .text          0x000000000010021c      0x1c4 /opt/devkitpro/devkitARM/lib/gcc/arm-none-eabi/5.3.0/../../../../arm-none-eabi/lib/armv6k/fpu/libsysbase.a(iosupport.o)
                0x0000000000100224                setDefaultDevice
                0x000000000010023c                FindDevice
                0x00000000001002f8                RemoveDevice
                0x0000000000100324                AddDevice
                0x00000000001003bc                GetDeviceOpTab
 .text          0x00000000001003e0       0x70 /opt/devkitpro/devkitARM/lib/gcc/arm-none-eabi/5.3.0/../../../../arm-none-eabi/lib/armv6k/fpu/libsysbase.a(sbrk.o)
                0x00000000001003e0                _sbrk_r
 .text          0x0000000000100450      0x3b0 /opt/devkitpro/devkitARM/lib/gcc/arm-none-eabi/5.3.0/../../../../arm-none-eabi/lib/armv6k/fpu/libsysbase.a(chdir.o)
                0x0000000000100450                _concatenate_path
                0x000000000010060c                chdir
                0x0000000000100760                getcwd
 .text          0x0000000000100800      0x108 /opt/devkitpro/devkitARM/lib/gcc/arm-none-eabi/5.3.0/../../../../arm-none-eabi/lib/armv6k/fpu/libsysbase.a(syscall_support.o)
                0x0000000000100800                __libc_lock_init
                0x0000000000100818                __libc_lock_acquire
                0x0000000000100830                __libc_lock_try_acquire
                0x0000000000100854                __libc_lock_release
                0x000000000010086c                __libc_lock_close
                0x0000000000100884                __libc_lock_init_recursive
                0x000000000010089c                __libc_lock_acquire_recursive
                0x00000000001008b4                __libc_lock_try_acquire_recursive
                0x00000000001008d8                __libc_lock_release_recursive
                0x00000000001008f0                __libc_lock_close_recursive
 .text          0x0000000000100908       0x28 /opt/devkitpro/devkitARM/lib/gcc/arm-none-eabi/5.3.0/../../../../arm-none-eabi/lib/armv6k/fpu/libsysbase.a(getreent.o)
                0x0000000000100908                __getreent
 .text          0x0000000000100930      0x20c /opt/devkitpro/devkitARM/lib/gcc/arm-none-eabi/5.3.0/armv6k/fpu/libgcc.a(_udivsi3.o)
                0x0000000000100930                __udivsi3
                0x0000000000100930                __aeabi_uidiv
                0x0000000000100b1c                __aeabi_uidivmod
 *fill*         0x0000000000100b3c        0x4 
 .text          0x0000000000100b40      0x3a0 /opt/devkitpro/devkitARM/lib/gcc/arm-none-eabi/5.3.0/../../../../arm-none-eabi/lib/armv6k/fpu/libg.a(lib_a-strcmp.o)
                0x0000000000100b48                strcmp
 *(.text.*)
 .text.startup.main
                0x0000000000100ee0       0x84 main.o
                0x0000000000100ee0                main
 .text.gfxSetFramebufferInfo.part.0
                0x0000000000100f64       0x8c /opt/devkitpro/libctru/lib/libctru.a(gfx.o)
 .text.__get_bytes_per_pixel
                0x0000000000100ff0       0x18 /opt/devkitpro/libctru/lib/libctru.a(gfx.o)
                0x0000000000100ff0                __get_bytes_per_pixel
 .text.gfxSetFramebufferInfo
                0x0000000000101008       0x70 /opt/devkitpro/libctru/lib/libctru.a(gfx.o)
                0x0000000000101008                gfxSetFramebufferInfo
 .text.gfxWriteFramebufferInfo
                0x0000000000101078       0x88 /opt/devkitpro/libctru/lib/libctru.a(gfx.o)
                0x0000000000101078                gfxWriteFramebufferInfo
 .text.gfxInit  0x0000000000101100      0x1d0 /opt/devkitpro/libctru/lib/libctru.a(gfx.o)
                0x0000000000101100                gfxInit
 .text.gfxInitDefault
                0x00000000001012d0       0x10 /opt/devkitpro/libctru/lib/libctru.a(gfx.o)
                0x00000000001012d0                gfxInitDefault
 .text.gfxExit  0x00000000001012e0       0xe0 /opt/devkitpro/libctru/lib/libctru.a(gfx.o)
                0x00000000001012e0                gfxExit
 .text.gfxGetFramebuffer
                0x00000000001013c0       0xb0 /opt/devkitpro/libctru/lib/libctru.a(gfx.o)
                0x00000000001013c0                gfxGetFramebuffer
 .text.gfxFlushBuffers
                0x0000000000101470       0xcc /opt/devkitpro/libctru/lib/libctru.a(gfx.o)
                0x0000000000101470                gfxFlushBuffers
 .text.gfxConfigScreen
                0x000000000010153c       0x70 /opt/devkitpro/libctru/lib/libctru.a(gfx.o)
                0x000000000010153c                gfxConfigScreen
 .text.gfxSwapBuffers
                0x00000000001015ac       0x20 /opt/devkitpro/libctru/lib/libctru.a(gfx.o)
                0x00000000001015ac                gfxSwapBuffers
 .text.gspEventThreadMain
                0x00000000001015cc      0x124 /opt/devkitpro/libctru/lib/libctru.a(gspgpu.o)
 .text.gspInit  0x00000000001016f0       0x74 /opt/devkitpro/libctru/lib/libctru.a(gspgpu.o)
                0x00000000001016f0                gspInit
 .text.gspExit  0x0000000000101764       0x3c /opt/devkitpro/libctru/lib/libctru.a(gspgpu.o)
                0x0000000000101764                gspExit
 .text.gspInitEventHandler
                0x00000000001017a0       0xd0 /opt/devkitpro/libctru/lib/libctru.a(gspgpu.o)
                0x00000000001017a0                gspInitEventHandler
 .text.gspExitEventHandler
                0x0000000000101870       0x5c /opt/devkitpro/libctru/lib/libctru.a(gspgpu.o)
                0x0000000000101870                gspExitEventHandler
 .text.gspWaitForEvent
                0x00000000001018cc       0x58 /opt/devkitpro/libctru/lib/libctru.a(gspgpu.o)
                0x00000000001018cc                gspWaitForEvent
 .text.GSPGPU_SetBufferSwap
                0x0000000000101924       0x6c /opt/devkitpro/libctru/lib/libctru.a(gspgpu.o)
                0x0000000000101924                GSPGPU_SetBufferSwap
 .text.GSPGPU_FlushDataCache
                0x0000000000101990       0x4c /opt/devkitpro/libctru/lib/libctru.a(gspgpu.o)
                0x0000000000101990                GSPGPU_FlushDataCache
 .text.GSPGPU_SetLcdForceBlack
                0x00000000001019dc       0x34 /opt/devkitpro/libctru/lib/libctru.a(gspgpu.o)
                0x00000000001019dc                GSPGPU_SetLcdForceBlack
 .text.GSPGPU_RegisterInterruptRelayQueue
                0x0000000000101a10       0x64 /opt/devkitpro/libctru/lib/libctru.a(gspgpu.o)
                0x0000000000101a10                GSPGPU_RegisterInterruptRelayQueue
 .text.GSPGPU_UnregisterInterruptRelayQueue
                0x0000000000101a74       0x2c /opt/devkitpro/libctru/lib/libctru.a(gspgpu.o)
                0x0000000000101a74                GSPGPU_UnregisterInterruptRelayQueue
 .text.GSPGPU_AcquireRight
                0x0000000000101aa0       0x48 /opt/devkitpro/libctru/lib/libctru.a(gspgpu.o)
                0x0000000000101aa0                GSPGPU_AcquireRight
 .text.GSPGPU_ReleaseRight
                0x0000000000101ae8       0x2c /opt/devkitpro/libctru/lib/libctru.a(gspgpu.o)
                0x0000000000101ae8                GSPGPU_ReleaseRight
 .text.GSPGPU_ImportDisplayCaptureInfo
                0x0000000000101b14       0x80 /opt/devkitpro/libctru/lib/libctru.a(gspgpu.o)
                0x0000000000101b14                GSPGPU_ImportDisplayCaptureInfo
 .text.GSPGPU_SaveVramSysArea
                0x0000000000101b94       0x2c /opt/devkitpro/libctru/lib/libctru.a(gspgpu.o)
                0x0000000000101b94                GSPGPU_SaveVramSysArea
 .text.GSPGPU_RestoreVramSysArea
                0x0000000000101bc0       0x2c /opt/devkitpro/libctru/lib/libctru.a(gspgpu.o)
                0x0000000000101bc0                GSPGPU_RestoreVramSysArea
 .text._aptDebug
                0x0000000000101bec        0x4 /opt/devkitpro/libctru/lib/libctru.a(apt.o)
                0x0000000000101bec                _aptDebug
 .text.aptSendCommand
                0x0000000000101bf0      0x12c /opt/devkitpro/libctru/lib/libctru.a(apt.o)
                0x0000000000101bf0                aptSendCommand
 .text.aptExitProcess
                0x0000000000101d1c       0x3c /opt/devkitpro/libctru/lib/libctru.a(apt.o)
 .text.aptExit  0x0000000000101d58      0x13c /opt/devkitpro/libctru/lib/libctru.a(apt.o)
                0x0000000000101d58                aptExit
 .text.APT_InquireNotification
                0x0000000000101e94       0x4c /opt/devkitpro/libctru/lib/libctru.a(apt.o)
                0x0000000000101e94                APT_InquireNotification
 .text.aptEventHandler
                0x0000000000101ee0      0x198 /opt/devkitpro/libctru/lib/libctru.a(apt.o)
 .text.APT_AppletUtility
                0x0000000000102078       0x74 /opt/devkitpro/libctru/lib/libctru.a(apt.o)
                0x0000000000102078                APT_AppletUtility
 .text.aptSetSleepAllowed
                0x00000000001020ec       0xb0 /opt/devkitpro/libctru/lib/libctru.a(apt.o)
                0x00000000001020ec                aptSetSleepAllowed
 .text.APT_GlanceParameter
                0x000000000010219c       0xb4 /opt/devkitpro/libctru/lib/libctru.a(apt.o)
                0x000000000010219c                APT_GlanceParameter
 .text.APT_ReceiveParameter
                0x0000000000102250       0xc0 /opt/devkitpro/libctru/lib/libctru.a(apt.o)
                0x0000000000102250                APT_ReceiveParameter
 .text.aptReceiveParameter.constprop.1
                0x0000000000102310       0xa8 /opt/devkitpro/libctru/lib/libctru.a(apt.o)
 .text.aptScreenTransfer
                0x00000000001023b8      0x1e0 /opt/devkitpro/libctru/lib/libctru.a(apt.o)
 .text.aptWaitForWakeUp
                0x0000000000102598      0x224 /opt/devkitpro/libctru/lib/libctru.a(apt.o)
 .text.APT_CancelParameter
                0x00000000001027bc       0x70 /opt/devkitpro/libctru/lib/libctru.a(apt.o)
                0x00000000001027bc                APT_CancelParameter
 .text.aptInit  0x000000000010282c      0x210 /opt/devkitpro/libctru/lib/libctru.a(apt.o)
                0x000000000010282c                aptInit
 .text.aptClearParamQueue
                0x0000000000102a3c       0x88 /opt/devkitpro/libctru/lib/libctru.a(apt.o)
 .text.aptMainLoop
                0x0000000000102ac4      0x208 /opt/devkitpro/libctru/lib/libctru.a(apt.o)
                0x0000000000102ac4                aptMainLoop
 .text.APT_CheckNew3DS
                0x0000000000102ccc       0x70 /opt/devkitpro/libctru/lib/libctru.a(apt.o)
                0x0000000000102ccc                APT_CheckNew3DS
 .text.hidExit  0x0000000000102d3c       0xd8 /opt/devkitpro/libctru/lib/libctru.a(hid.o)
                0x0000000000102d3c                hidExit
 .text.hidScanInput
                0x0000000000102e14      0x238 /opt/devkitpro/libctru/lib/libctru.a(hid.o)
                0x0000000000102e14                hidScanInput
 .text.hidKeysDown
                0x000000000010304c       0x10 /opt/devkitpro/libctru/lib/libctru.a(hid.o)
                0x000000000010304c                hidKeysDown
 .text.HIDUSER_GetHandles
                0x000000000010305c       0x90 /opt/devkitpro/libctru/lib/libctru.a(hid.o)
                0x000000000010305c                HIDUSER_GetHandles
 .text.hidInit  0x00000000001030ec      0x184 /opt/devkitpro/libctru/lib/libctru.a(hid.o)
                0x00000000001030ec                hidInit
 .text.__libctru_init
                0x0000000000103270       0x38 /opt/devkitpro/libctru/lib/libctru.a(initSystem.o)
                0x0000000000103270                __libctru_init
 .text.__ctru_get_reent
                0x00000000001032a8       0x30 /opt/devkitpro/libctru/lib/libctru.a(syscalls.o)
 .text.__system_initSyscalls
                0x00000000001032d8       0xe8 /opt/devkitpro/libctru/lib/libctru.a(syscalls.o)
                0x00000000001032d8                __system_initSyscalls
 .text.osGetMemRegionSize
                0x00000000001033c0       0x58 /opt/devkitpro/libctru/lib/libctru.a(allocateHeaps.o)
 .text.__system_allocateHeaps
                0x0000000000103418      0x124 /opt/devkitpro/libctru/lib/libctru.a(allocateHeaps.o)
                0x0000000000103418                __system_allocateHeaps
 .text.__system_initArgv
                0x000000000010353c       0xf4 /opt/devkitpro/libctru/lib/libctru.a(initArgv.o)
                0x000000000010353c                __system_initArgv
 .text.svcControlMemory
                0x0000000000103630       0x20 /opt/devkitpro/libctru/lib/libctru.a(svc.o)
                0x0000000000103630                svcControlMemory
 .text.svcExitProcess
                0x0000000000103650        0x8 /opt/devkitpro/libctru/lib/libctru.a(svc.o)
                0x0000000000103650                svcExitProcess
 .text.svcCreateThread
                0x0000000000103658       0x20 /opt/devkitpro/libctru/lib/libctru.a(svc.o)
                0x0000000000103658                svcCreateThread
 .text.svcExitThread
                0x0000000000103678        0x8 /opt/devkitpro/libctru/lib/libctru.a(svc.o)
                0x0000000000103678                svcExitThread
 .text.svcSleepThread
                0x0000000000103680        0x8 /opt/devkitpro/libctru/lib/libctru.a(svc.o)
                0x0000000000103680                svcSleepThread
 .text.svcReleaseMutex
                0x0000000000103688        0x8 /opt/devkitpro/libctru/lib/libctru.a(svc.o)
                0x0000000000103688                svcReleaseMutex
 .text.svcCreateEvent
                0x0000000000103690       0x14 /opt/devkitpro/libctru/lib/libctru.a(svc.o)
                0x0000000000103690                svcCreateEvent
 .text.svcSignalEvent
                0x00000000001036a4        0x8 /opt/devkitpro/libctru/lib/libctru.a(svc.o)
                0x00000000001036a4                svcSignalEvent
 .text.svcClearEvent
                0x00000000001036ac        0x8 /opt/devkitpro/libctru/lib/libctru.a(svc.o)
                0x00000000001036ac                svcClearEvent
 .text.svcMapMemoryBlock
                0x00000000001036b4        0x8 /opt/devkitpro/libctru/lib/libctru.a(svc.o)
                0x00000000001036b4                svcMapMemoryBlock
 .text.svcUnmapMemoryBlock
                0x00000000001036bc        0x8 /opt/devkitpro/libctru/lib/libctru.a(svc.o)
                0x00000000001036bc                svcUnmapMemoryBlock
 .text.svcCreateAddressArbiter
                0x00000000001036c4       0x14 /opt/devkitpro/libctru/lib/libctru.a(svc.o)
                0x00000000001036c4                svcCreateAddressArbiter
 .text.svcArbitrateAddress
                0x00000000001036d8       0x18 /opt/devkitpro/libctru/lib/libctru.a(svc.o)
                0x00000000001036d8                svcArbitrateAddress
 .text.svcCloseHandle
                0x00000000001036f0        0x8 /opt/devkitpro/libctru/lib/libctru.a(svc.o)
                0x00000000001036f0                svcCloseHandle
 .text.svcWaitSynchronization
                0x00000000001036f8        0x8 /opt/devkitpro/libctru/lib/libctru.a(svc.o)
                0x00000000001036f8                svcWaitSynchronization
 .text.svcWaitSynchronizationN
                0x0000000000103700       0x28 /opt/devkitpro/libctru/lib/libctru.a(svc.o)
                0x0000000000103700                svcWaitSynchronizationN
 .text.svcDuplicateHandle
                0x0000000000103728       0x14 /opt/devkitpro/libctru/lib/libctru.a(svc.o)
                0x0000000000103728                svcDuplicateHandle
 .text.svcGetSystemTick
                0x000000000010373c        0x8 /opt/devkitpro/libctru/lib/libctru.a(svc.o)
                0x000000000010373c                svcGetSystemTick
 .text.svcGetSystemInfo
                0x0000000000103744       0x18 /opt/devkitpro/libctru/lib/libctru.a(svc.o)
                0x0000000000103744                svcGetSystemInfo
 .text.svcConnectToPort
                0x000000000010375c       0x14 /opt/devkitpro/libctru/lib/libctru.a(svc.o)
                0x000000000010375c                svcConnectToPort
 .text.svcSendSyncRequest
                0x0000000000103770        0x8 /opt/devkitpro/libctru/lib/libctru.a(svc.o)
                0x0000000000103770                svcSendSyncRequest
 .text.svcBreak
                0x0000000000103778        0x8 /opt/devkitpro/libctru/lib/libctru.a(svc.o)
                0x0000000000103778                svcBreak
 .text._ZL21addrMapNodeComparatorPK11rbtree_nodeS1_
                0x0000000000103780       0x24 /opt/devkitpro/libctru/lib/libctru.a(vram.o)
 .text._ZL21addrMapNodeDestructorP11rbtree_node
                0x00000000001037a4        0x4 /opt/devkitpro/libctru/lib/libctru.a(vram.o)
 .text.vramMemAlign
                0x00000000001037a8      0x130 /opt/devkitpro/libctru/lib/libctru.a(vram.o)
                0x00000000001037a8                vramMemAlign
 .text.vramAlloc
                0x00000000001038d8        0x8 /opt/devkitpro/libctru/lib/libctru.a(vram.o)
                0x00000000001038d8                vramAlloc
 .text.vramFree
                0x00000000001038e0       0x50 /opt/devkitpro/libctru/lib/libctru.a(vram.o)
                0x00000000001038e0                vramFree
 .text._ZL21addrMapNodeComparatorPK11rbtree_nodeS1_
                0x0000000000103930       0x24 /opt/devkitpro/libctru/lib/libctru.a(mappable.o)
 .text._ZL21addrMapNodeDestructorP11rbtree_node
                0x0000000000103954        0x4 /opt/devkitpro/libctru/lib/libctru.a(mappable.o)
 .text.mappableAlloc
                0x0000000000103958       0xf4 /opt/devkitpro/libctru/lib/libctru.a(mappable.o)
                0x0000000000103958                mappableAlloc
 .text.mappableFree
                0x0000000000103a4c       0x50 /opt/devkitpro/libctru/lib/libctru.a(mappable.o)
                0x0000000000103a4c                mappableFree
 .text._ZL21addrMapNodeComparatorPK11rbtree_nodeS1_
                0x0000000000103a9c       0x24 /opt/devkitpro/libctru/lib/libctru.a(linear.o)
 .text._ZL21addrMapNodeDestructorP11rbtree_node
                0x0000000000103ac0        0x4 /opt/devkitpro/libctru/lib/libctru.a(linear.o)
 .text.linearMemAlign
                0x0000000000103ac4      0x140 /opt/devkitpro/libctru/lib/libctru.a(linear.o)
                0x0000000000103ac4                linearMemAlign
 .text.linearAlloc
                0x0000000000103c04        0x8 /opt/devkitpro/libctru/lib/libctru.a(linear.o)
                0x0000000000103c04                linearAlloc
 .text.linearFree
                0x0000000000103c0c       0x50 /opt/devkitpro/libctru/lib/libctru.a(linear.o)
                0x0000000000103c0c                linearFree
 .text._ZN7MemPool13CoalesceRightEP8MemBlock
                0x0000000000103c5c       0xa0 /opt/devkitpro/libctru/lib/libctru.a(mem_pool.o)
                0x0000000000103c5c                MemPool::CoalesceRight(MemBlock*)
 .text._ZN7MemPool8AllocateER8MemChunkmi
                0x0000000000103cfc      0x18c /opt/devkitpro/libctru/lib/libctru.a(mem_pool.o)
                0x0000000000103cfc                MemPool::Allocate(MemChunk&, unsigned long, int)
 .text._ZN7MemPool10DeallocateERK8MemChunk
                0x0000000000103e88      0x104 /opt/devkitpro/libctru/lib/libctru.a(mem_pool.o)
                0x0000000000103e88                MemPool::Deallocate(MemChunk const&)
 .text.LightLock_Unlock.part.1
                0x0000000000103f8c       0x34 /opt/devkitpro/libctru/lib/libctru.a(synchronization.o)
 .text.__sync_init
                0x0000000000103fc0        0xc /opt/devkitpro/libctru/lib/libctru.a(synchronization.o)
                0x0000000000103fc0                __sync_init
 .text.__sync_fini
                0x0000000000103fcc       0x18 /opt/devkitpro/libctru/lib/libctru.a(synchronization.o)
                0x0000000000103fcc                __sync_fini
 .text.LightLock_Init
                0x0000000000103fe4       0x18 /opt/devkitpro/libctru/lib/libctru.a(synchronization.o)
                0x0000000000103fe4                LightLock_Init
 .text.LightLock_Lock
                0x0000000000103ffc       0x94 /opt/devkitpro/libctru/lib/libctru.a(synchronization.o)
                0x0000000000103ffc                LightLock_Lock
 .text.LightLock_TryLock
                0x0000000000104090       0x34 /opt/devkitpro/libctru/lib/libctru.a(synchronization.o)
                0x0000000000104090                LightLock_TryLock
 .text.LightLock_Unlock
                0x00000000001040c4       0x20 /opt/devkitpro/libctru/lib/libctru.a(synchronization.o)
                0x00000000001040c4                LightLock_Unlock
 .text.RecursiveLock_Init
                0x00000000001040e4       0x24 /opt/devkitpro/libctru/lib/libctru.a(synchronization.o)
                0x00000000001040e4                RecursiveLock_Init
 .text.RecursiveLock_Lock
                0x0000000000104108       0x30 /opt/devkitpro/libctru/lib/libctru.a(synchronization.o)
                0x0000000000104108                RecursiveLock_Lock
 .text.RecursiveLock_TryLock
                0x0000000000104138       0x58 /opt/devkitpro/libctru/lib/libctru.a(synchronization.o)
                0x0000000000104138                RecursiveLock_TryLock
 .text.RecursiveLock_Unlock
                0x0000000000104190       0x38 /opt/devkitpro/libctru/lib/libctru.a(synchronization.o)
                0x0000000000104190                RecursiveLock_Unlock
 .text.LightEvent_Init
                0x00000000001041c8       0x38 /opt/devkitpro/libctru/lib/libctru.a(synchronization.o)
                0x00000000001041c8                LightEvent_Init
 .text.LightEvent_Signal
                0x0000000000104200       0xdc /opt/devkitpro/libctru/lib/libctru.a(synchronization.o)
                0x0000000000104200                LightEvent_Signal
 .text.LightEvent_Wait
                0x00000000001042dc       0xc8 /opt/devkitpro/libctru/lib/libctru.a(synchronization.o)
                0x00000000001042dc                LightEvent_Wait
 .text.getSysTime
                0x00000000001043a4       0x58 /opt/devkitpro/libctru/lib/libctru.a(os.o)
 .text.osGetMemRegionUsed
                0x00000000001043fc       0x24 /opt/devkitpro/libctru/lib/libctru.a(os.o)
                0x00000000001043fc                osGetMemRegionUsed
 .text.__libctru_gtod
                0x0000000000104420       0xf8 /opt/devkitpro/libctru/lib/libctru.a(os.o)
                0x0000000000104420                __libctru_gtod
 .text.__ctru_speedup_config
                0x0000000000104518       0x34 /opt/devkitpro/libctru/lib/libctru.a(os.o)
                0x0000000000104518                __ctru_speedup_config
 .text.srvExit  0x000000000010454c       0x50 /opt/devkitpro/libctru/lib/libctru.a(srv.o)
                0x000000000010454c                srvExit
 .text.srvRegisterClient
                0x000000000010459c       0x38 /opt/devkitpro/libctru/lib/libctru.a(srv.o)
                0x000000000010459c                srvRegisterClient
 .text.srvInit  0x00000000001045d4       0x70 /opt/devkitpro/libctru/lib/libctru.a(srv.o)
                0x00000000001045d4                srvInit
 .text.srvGetServiceHandleDirect
                0x0000000000104644       0x68 /opt/devkitpro/libctru/lib/libctru.a(srv.o)
                0x0000000000104644                srvGetServiceHandleDirect
 .text.srvGetServiceHandle
                0x00000000001046ac       0x38 /opt/devkitpro/libctru/lib/libctru.a(srv.o)
                0x00000000001046ac                srvGetServiceHandle
 .text.threadCreate
                0x00000000001046e4      0x1c8 /opt/devkitpro/libctru/lib/libctru.a(thread.o)
                0x00000000001046e4                threadCreate
 .text.threadJoin
                0x00000000001048ac       0x24 /opt/devkitpro/libctru/lib/libctru.a(thread.o)
                0x00000000001048ac                threadJoin
 .text.threadExit
                0x00000000001048d0       0x6c /opt/devkitpro/libctru/lib/libctru.a(thread.o)
                0x00000000001048d0                threadExit
 .text._thread_begin
                0x000000000010493c       0x3c /opt/devkitpro/libctru/lib/libctru.a(thread.o)
 .text.irrstScanInput
                0x0000000000104978       0xb0 /opt/devkitpro/libctru/lib/libctru.a(irrst.o)
                0x0000000000104978                irrstScanInput
 .text.irrstKeysHeld
                0x0000000000104a28       0x1c /opt/devkitpro/libctru/lib/libctru.a(irrst.o)
                0x0000000000104a28                irrstKeysHeld
 .text.IRRST_GetHandles
                0x0000000000104a44       0x50 /opt/devkitpro/libctru/lib/libctru.a(irrst.o)
                0x0000000000104a44                IRRST_GetHandles
 .text.irrstInit
                0x0000000000104a94      0x148 /opt/devkitpro/libctru/lib/libctru.a(irrst.o)
                0x0000000000104a94                irrstInit
 .text.IRRST_Shutdown
                0x0000000000104bdc       0x2c /opt/devkitpro/libctru/lib/libctru.a(irrst.o)
                0x0000000000104bdc                IRRST_Shutdown
 .text.irrstExit
                0x0000000000104c08       0xb0 /opt/devkitpro/libctru/lib/libctru.a(irrst.o)
                0x0000000000104c08                irrstExit
 .text.ptmSysmInit
                0x0000000000104cb8       0x70 /opt/devkitpro/libctru/lib/libctru.a(ptmsysm.o)
                0x0000000000104cb8                ptmSysmInit
 .text.ptmSysmExit
                0x0000000000104d28       0x34 /opt/devkitpro/libctru/lib/libctru.a(ptmsysm.o)
                0x0000000000104d28                ptmSysmExit
 .text.PTMSYSM_ConfigureNew3DSCPU
                0x0000000000104d5c       0x34 /opt/devkitpro/libctru/lib/libctru.a(ptmsysm.o)
                0x0000000000104d5c                PTMSYSM_ConfigureNew3DSCPU
 .text.rbtree_init
                0x0000000000104d90       0x14 /opt/devkitpro/libctru/lib/libctru.a(rbtree_init.o)
                0x0000000000104d90                rbtree_init
 .text.do_insert
                0x0000000000104da4      0x1d4 /opt/devkitpro/libctru/lib/libctru.a(rbtree_insert.o)
 .text.rbtree_insert
                0x0000000000104f78        0x8 /opt/devkitpro/libctru/lib/libctru.a(rbtree_insert.o)
                0x0000000000104f78                rbtree_insert
 .text.rbtree_rotate
                0x0000000000104f80       0xac /opt/devkitpro/libctru/lib/libctru.a(rbtree_rotate.o)
                0x0000000000104f80                rbtree_rotate
 .text.rbtree_remove
                0x000000000010502c      0x35c /opt/devkitpro/libctru/lib/libctru.a(rbtree_remove.o)
                0x000000000010502c                rbtree_remove
 .text.rbtree_find
                0x0000000000105388       0x70 /opt/devkitpro/libctru/lib/libctru.a(rbtree_find.o)
                0x0000000000105388                rbtree_find
 .text.__appInit
                0x00000000001053f8       0x1c /opt/devkitpro/libctru/lib/libctru.a(appInit.o)
                0x00000000001053f8                __appInit
 .text.__appExit
                0x0000000000105414       0x1c /opt/devkitpro/libctru/lib/libctru.a(appExit.o)
                0x0000000000105414                __appExit
 .text.__libctru_exit
                0x0000000000105430       0xa4 /opt/devkitpro/libctru/lib/libctru.a(ctru_exit.o)
                0x0000000000105430                __libctru_exit
 .text.envGetHandle
                0x00000000001054d4       0x94 /opt/devkitpro/libctru/lib/libctru.a(env.o)
                0x00000000001054d4                envGetHandle
 .text.envDestroyHandles
                0x0000000000105568       0x4c /opt/devkitpro/libctru/lib/libctru.a(env.o)
                0x0000000000105568                envDestroyHandles
 .text.sdmc_link
                0x00000000001055b4       0x10 /opt/devkitpro/libctru/lib/libctru.a(sdmc_dev.o)
 .text.sdmc_dirreset
                0x00000000001055c4       0x10 /opt/devkitpro/libctru/lib/libctru.a(sdmc_dev.o)
 .text.sdmc_chmod
                0x00000000001055d4       0x10 /opt/devkitpro/libctru/lib/libctru.a(sdmc_dev.o)
 .text.sdmc_fchmod
                0x00000000001055e4       0x10 /opt/devkitpro/libctru/lib/libctru.a(sdmc_dev.o)
 .text.error_cmp
                0x00000000001055f4       0x24 /opt/devkitpro/libctru/lib/libctru.a(sdmc_dev.o)
 .text.sdmc_translate_error
                0x0000000000105618       0x50 /opt/devkitpro/libctru/lib/libctru.a(sdmc_dev.o)
 .text.sdmc_fsync
                0x0000000000105668       0x34 /opt/devkitpro/libctru/lib/libctru.a(sdmc_dev.o)
 .text.sdmc_ftruncate
                0x000000000010569c       0x54 /opt/devkitpro/libctru/lib/libctru.a(sdmc_dev.o)
 .text.sdmc_statvfs
                0x00000000001056f0       0xac /opt/devkitpro/libctru/lib/libctru.a(sdmc_dev.o)
 .text.sdmc_dirclose
                0x000000000010579c       0x38 /opt/devkitpro/libctru/lib/libctru.a(sdmc_dev.o)
 .text.sdmc_dirnext
                0x00000000001057d4      0x13c /opt/devkitpro/libctru/lib/libctru.a(sdmc_dev.o)
 .text.sdmc_close
                0x0000000000105910       0x34 /opt/devkitpro/libctru/lib/libctru.a(sdmc_dev.o)
 .text.sdmc_fstat
                0x0000000000105944       0x74 /opt/devkitpro/libctru/lib/libctru.a(sdmc_dev.o)
 .text.sdmc_seek
                0x00000000001059b8       0xc0 /opt/devkitpro/libctru/lib/libctru.a(sdmc_dev.o)
 .text.sdmc_read
                0x0000000000105a78       0x8c /opt/devkitpro/libctru/lib/libctru.a(sdmc_dev.o)
 .text.sdmc_write_safe
                0x0000000000105b04      0x110 /opt/devkitpro/libctru/lib/libctru.a(sdmc_dev.o)
 .text.sdmc_utf16path
                0x0000000000105c14      0x1b4 /opt/devkitpro/libctru/lib/libctru.a(sdmc_dev.o)
 .text.sdmc_rmdir
                0x0000000000105dc8       0x74 /opt/devkitpro/libctru/lib/libctru.a(sdmc_dev.o)
 .text.sdmc_diropen
                0x0000000000105e3c       0xa8 /opt/devkitpro/libctru/lib/libctru.a(sdmc_dev.o)
 .text.sdmc_chdir
                0x0000000000105ee4       0xa0 /opt/devkitpro/libctru/lib/libctru.a(sdmc_dev.o)
 .text.sdmc_mkdir
                0x0000000000105f84       0x98 /opt/devkitpro/libctru/lib/libctru.a(sdmc_dev.o)
 .text.sdmc_rename
                0x000000000010601c      0x108 /opt/devkitpro/libctru/lib/libctru.a(sdmc_dev.o)
 .text.sdmc_unlink
                0x0000000000106124       0x74 /opt/devkitpro/libctru/lib/libctru.a(sdmc_dev.o)
 .text.sdmc_stat
                0x0000000000106198      0x108 /opt/devkitpro/libctru/lib/libctru.a(sdmc_dev.o)
 .text.sdmc_open
                0x00000000001062a0      0x188 /opt/devkitpro/libctru/lib/libctru.a(sdmc_dev.o)
 .text.sdmcInit
                0x0000000000106428      0x15c /opt/devkitpro/libctru/lib/libctru.a(sdmc_dev.o)
                0x0000000000106428                sdmcInit
 .text.sdmcExit
                0x0000000000106584       0x54 /opt/devkitpro/libctru/lib/libctru.a(sdmc_dev.o)
                0x0000000000106584                sdmcExit
 .text.fsSessionForArchive.part.0
                0x00000000001065d8       0x28 /opt/devkitpro/libctru/lib/libctru.a(fs.o)
 .text.fsInit   0x0000000000106600       0xcc /opt/devkitpro/libctru/lib/libctru.a(fs.o)
                0x0000000000106600                fsInit
 .text.fsExit   0x00000000001066cc       0x38 /opt/devkitpro/libctru/lib/libctru.a(fs.o)
                0x00000000001066cc                fsExit
 .text.fsExemptFromSession
                0x0000000000106704       0x74 /opt/devkitpro/libctru/lib/libctru.a(fs.o)
                0x0000000000106704                fsExemptFromSession
 .text.fsUnexemptFromSession
                0x0000000000106778       0x54 /opt/devkitpro/libctru/lib/libctru.a(fs.o)
                0x0000000000106778                fsUnexemptFromSession
 .text.FSUSER_OpenFile
                0x00000000001067cc       0xbc /opt/devkitpro/libctru/lib/libctru.a(fs.o)
                0x00000000001067cc                FSUSER_OpenFile
 .text.FSUSER_DeleteFile
                0x0000000000106888       0xa4 /opt/devkitpro/libctru/lib/libctru.a(fs.o)
                0x0000000000106888                FSUSER_DeleteFile
 .text.FSUSER_RenameFile
                0x000000000010692c       0xe0 /opt/devkitpro/libctru/lib/libctru.a(fs.o)
                0x000000000010692c                FSUSER_RenameFile
 .text.FSUSER_DeleteDirectory
                0x0000000000106a0c       0xa4 /opt/devkitpro/libctru/lib/libctru.a(fs.o)
                0x0000000000106a0c                FSUSER_DeleteDirectory
 .text.FSUSER_CreateFile
                0x0000000000106ab0       0xbc /opt/devkitpro/libctru/lib/libctru.a(fs.o)
                0x0000000000106ab0                FSUSER_CreateFile
 .text.FSUSER_CreateDirectory
                0x0000000000106b6c       0xac /opt/devkitpro/libctru/lib/libctru.a(fs.o)
                0x0000000000106b6c                FSUSER_CreateDirectory
 .text.FSUSER_RenameDirectory
                0x0000000000106c18       0xe0 /opt/devkitpro/libctru/lib/libctru.a(fs.o)
                0x0000000000106c18                FSUSER_RenameDirectory
 .text.FSUSER_OpenDirectory
                0x0000000000106cf8       0xa4 /opt/devkitpro/libctru/lib/libctru.a(fs.o)
                0x0000000000106cf8                FSUSER_OpenDirectory
 .text.FSUSER_OpenArchive
                0x0000000000106d9c       0x9c /opt/devkitpro/libctru/lib/libctru.a(fs.o)
                0x0000000000106d9c                FSUSER_OpenArchive
 .text.FSUSER_CloseArchive
                0x0000000000106e38       0x74 /opt/devkitpro/libctru/lib/libctru.a(fs.o)
                0x0000000000106e38                FSUSER_CloseArchive
 .text.FSUSER_GetSdmcArchiveResource
                0x0000000000106eac       0x78 /opt/devkitpro/libctru/lib/libctru.a(fs.o)
                0x0000000000106eac                FSUSER_GetSdmcArchiveResource
 .text.FSUSER_IsSdmcWritable
                0x0000000000106f24       0x64 /opt/devkitpro/libctru/lib/libctru.a(fs.o)
                0x0000000000106f24                FSUSER_IsSdmcWritable
 .text.FSFILE_Read
                0x0000000000106f88       0x5c /opt/devkitpro/libctru/lib/libctru.a(fs.o)
                0x0000000000106f88                FSFILE_Read
 .text.FSFILE_Write
                0x0000000000106fe4       0x64 /opt/devkitpro/libctru/lib/libctru.a(fs.o)
                0x0000000000106fe4                FSFILE_Write
 .text.FSFILE_GetSize
                0x0000000000107048       0x3c /opt/devkitpro/libctru/lib/libctru.a(fs.o)
                0x0000000000107048                FSFILE_GetSize
 .text.FSFILE_SetSize
                0x0000000000107084       0x2c /opt/devkitpro/libctru/lib/libctru.a(fs.o)
                0x0000000000107084                FSFILE_SetSize
 .text.FSFILE_Close
                0x00000000001070b0       0x3c /opt/devkitpro/libctru/lib/libctru.a(fs.o)
                0x00000000001070b0                FSFILE_Close
 .text.FSFILE_Flush
                0x00000000001070ec       0x24 /opt/devkitpro/libctru/lib/libctru.a(fs.o)
                0x00000000001070ec                FSFILE_Flush
 .text.FSDIR_Read
                0x0000000000107110       0x54 /opt/devkitpro/libctru/lib/libctru.a(fs.o)
                0x0000000000107110                FSDIR_Read
 .text.FSDIR_Close
                0x0000000000107164       0x3c /opt/devkitpro/libctru/lib/libctru.a(fs.o)
                0x0000000000107164                FSDIR_Close
 .text.rbtree_node_next
                0x00000000001071a0       0x8c /opt/devkitpro/libctru/lib/libctru.a(rbtree_iterator.o)
                0x00000000001071a0                rbtree_node_next
 .text.utf8_to_utf16
                0x000000000010722c       0xbc /opt/devkitpro/libctru/lib/libctru.a(utf8_to_utf16.o)
                0x000000000010722c                utf8_to_utf16
 .text.decode_utf8
                0x00000000001072e8      0x138 /opt/devkitpro/libctru/lib/libctru.a(decode_utf8.o)
                0x00000000001072e8                decode_utf8
 .text.utf16_to_utf8
                0x0000000000107420       0xe4 /opt/devkitpro/libctru/lib/libctru.a(utf16_to_utf8.o)
                0x0000000000107420                utf16_to_utf8
 .text.__aeabi_read_tp
                0x0000000000107504        0xc /opt/devkitpro/libctru/lib/libctru.a(readtp.o)
                0x0000000000107504                __aeabi_read_tp
 .text.encode_utf16
                0x0000000000107510       0x68 /opt/devkitpro/libctru/lib/libctru.a(encode_utf16.o)
                0x0000000000107510                encode_utf16
 .text.encode_utf8
                0x0000000000107578      0x104 /opt/devkitpro/libctru/lib/libctru.a(encode_utf8.o)
                0x0000000000107578                encode_utf8
 .text.decode_utf16
                0x000000000010767c       0x60 /opt/devkitpro/libctru/lib/libctru.a(decode_utf16.o)
                0x000000000010767c                decode_utf16
 .text.bsearch  0x00000000001076dc       0x78 /opt/devkitpro/devkitARM/lib/gcc/arm-none-eabi/5.3.0/../../../../arm-none-eabi/lib/armv6k/fpu/libg.a(lib_a-bsearch.o)
                0x00000000001076dc                bsearch
 .text.__libc_fini_array
                0x0000000000107754       0x3c /opt/devkitpro/devkitARM/lib/gcc/arm-none-eabi/5.3.0/../../../../arm-none-eabi/lib/armv6k/fpu/libg.a(lib_a-fini.o)
                0x0000000000107754                __libc_fini_array
 .text.__libc_init_array
                0x0000000000107790       0x78 /opt/devkitpro/devkitARM/lib/gcc/arm-none-eabi/5.3.0/../../../../arm-none-eabi/lib/armv6k/fpu/libg.a(lib_a-init.o)
                0x0000000000107790                __libc_init_array
 .text.memalign
                0x0000000000107808       0x20 /opt/devkitpro/devkitARM/lib/gcc/arm-none-eabi/5.3.0/../../../../arm-none-eabi/lib/armv6k/fpu/libg.a(lib_a-malign.o)
                0x0000000000107808                memalign
 .text._memalign_r
                0x0000000000107828      0x15c /opt/devkitpro/devkitARM/lib/gcc/arm-none-eabi/5.3.0/../../../../arm-none-eabi/lib/armv6k/fpu/libg.a(lib_a-malignr.o)
                0x0000000000107828                _memalign_r
 .text.malloc   0x0000000000107984       0x18 /opt/devkitpro/devkitARM/lib/gcc/arm-none-eabi/5.3.0/../../../../arm-none-eabi/lib/armv6k/fpu/libg.a(lib_a-malloc.o)
                0x0000000000107984                malloc
 .text.free     0x000000000010799c       0x18 /opt/devkitpro/devkitARM/lib/gcc/arm-none-eabi/5.3.0/../../../../arm-none-eabi/lib/armv6k/fpu/libg.a(lib_a-malloc.o)
                0x000000000010799c                free
 .text._malloc_r
                0x00000000001079b4      0x7a8 /opt/devkitpro/devkitARM/lib/gcc/arm-none-eabi/5.3.0/../../../../arm-none-eabi/lib/armv6k/fpu/libg.a(lib_a-mallocr.o)
                0x00000000001079b4                _malloc_r
 .text.memcpy   0x000000000010815c       0xf0 /opt/devkitpro/devkitARM/lib/gcc/arm-none-eabi/5.3.0/../../../../arm-none-eabi/lib/armv6k/fpu/libg.a(lib_a-memcpy.o)
                0x000000000010815c                memcpy
 .text.memset   0x000000000010824c       0xf4 /opt/devkitpro/devkitARM/lib/gcc/arm-none-eabi/5.3.0/../../../../arm-none-eabi/lib/armv6k/fpu/libg.a(lib_a-memset.o)
                0x000000000010824c                memset
 .text.__malloc_lock
                0x0000000000108340        0xc /opt/devkitpro/devkitARM/lib/gcc/arm-none-eabi/5.3.0/../../../../arm-none-eabi/lib/armv6k/fpu/libg.a(lib_a-mlock.o)
                0x0000000000108340                __malloc_lock
 .text.__malloc_unlock
                0x000000000010834c        0xc /opt/devkitpro/devkitARM/lib/gcc/arm-none-eabi/5.3.0/../../../../arm-none-eabi/lib/armv6k/fpu/libg.a(lib_a-mlock.o)
                0x000000000010834c                __malloc_unlock
 .text.strlen   0x0000000000108358       0x5c /opt/devkitpro/devkitARM/lib/gcc/arm-none-eabi/5.3.0/../../../../arm-none-eabi/lib/armv6k/fpu/libg.a(lib_a-strlen.o)
                0x0000000000108358                strlen
 .text.strncat  0x00000000001083b4       0xa4 /opt/devkitpro/devkitARM/lib/gcc/arm-none-eabi/5.3.0/../../../../arm-none-eabi/lib/armv6k/fpu/libg.a(lib_a-strncat.o)
                0x00000000001083b4                strncat
 .text.strncpy  0x0000000000108458       0xe0 /opt/devkitpro/devkitARM/lib/gcc/arm-none-eabi/5.3.0/../../../../arm-none-eabi/lib/armv6k/fpu/libg.a(lib_a-strncpy.o)
                0x0000000000108458                strncpy
 .text._malloc_trim_r
                0x0000000000108538       0xf8 /opt/devkitpro/devkitARM/lib/gcc/arm-none-eabi/5.3.0/../../../../arm-none-eabi/lib/armv6k/fpu/libg.a(lib_a-freer.o)
                0x0000000000108538                _malloc_trim_r
 .text._free_r  0x0000000000108630      0x2e4 /opt/devkitpro/devkitARM/lib/gcc/arm-none-eabi/5.3.0/../../../../arm-none-eabi/lib/armv6k/fpu/libg.a(lib_a-freer.o)
                0x0000000000108630                _free_r
 .text.strchr   0x0000000000108914      0x15c /opt/devkitpro/devkitARM/lib/gcc/arm-none-eabi/5.3.0/../../../../arm-none-eabi/lib/armv6k/fpu/libg.a(lib_a-strchr.o)
                0x0000000000108914                strchr
 .text.strncmp  0x0000000000108a70      0x11c /opt/devkitpro/devkitARM/lib/gcc/arm-none-eabi/5.3.0/../../../../arm-none-eabi/lib/armv6k/fpu/libg.a(lib_a-strncmp.o)
                0x0000000000108a70                strncmp
 .text.strnlen  0x0000000000108b8c       0x5c /opt/devkitpro/devkitARM/lib/gcc/arm-none-eabi/5.3.0/../../../../arm-none-eabi/lib/armv6k/fpu/libg.a(lib_a-strnlen.o)
                0x0000000000108b8c                strnlen
 .text.strrchr  0x0000000000108be8       0x44 /opt/devkitpro/devkitARM/lib/gcc/arm-none-eabi/5.3.0/../../../../arm-none-eabi/lib/armv6k/fpu/libg.a(lib_a-strrchr.o)
                0x0000000000108be8                strrchr
 *(.glue_7)
 .glue_7        0x0000000000108c2c        0x0 linker stubs
 *(.glue_7t)
 .glue_7t       0x0000000000108c2c        0x0 linker stubs
 *(.stub)
 *(.gnu.warning)
 *(.gnu.linkonce.t*)
                0x0000000000108c2c                . = ALIGN (0x4)
 *(.fini)
 .fini          0x0000000000108c2c        0xc /opt/devkitpro/devkitARM/lib/gcc/arm-none-eabi/5.3.0/armv6k/fpu/crti.o
                0x0000000000108c2c                _fini
 .fini          0x0000000000108c38        0xc /opt/devkitpro/devkitARM/lib/gcc/arm-none-eabi/5.3.0/armv6k/fpu/crtn.o
                0x0000000000108c44                . = ALIGN (0x4)

.vfp11_veneer   0x0000000000108c44        0x0
 .vfp11_veneer  0x0000000000108c44        0x0 linker stubs

.v4_bx          0x0000000000108c44        0x0
 .v4_bx         0x0000000000108c44        0x0 linker stubs

.iplt           0x0000000000108c44        0x0
 .iplt          0x0000000000108c44        0x0 /opt/devkitpro/devkitARM/lib/gcc/arm-none-eabi/5.3.0/../../../../arm-none-eabi/lib/armv6k/fpu/3dsx_crt0.o

.rodata         0x0000000000109000      0x258
 *(.rodata)
 .rodata        0x0000000000109000       0x1c /opt/devkitpro/libctru/lib/libctru.a(gfx.o)
 .rodata        0x000000000010901c        0xc /opt/devkitpro/libctru/lib/libctru.a(apt.o)
 .rodata        0x0000000000109028       0x3c /opt/devkitpro/libctru/lib/libctru.a(sdmc_dev.o)
 .rodata        0x0000000000109064       0x68 /opt/devkitpro/devkitARM/lib/gcc/arm-none-eabi/5.3.0/../../../../arm-none-eabi/lib/armv6k/fpu/libsysbase.a(iosupport.o)
                0x0000000000109064                dotab_stdnull
 .rodata        0x00000000001090cc        0xc /opt/devkitpro/devkitARM/lib/gcc/arm-none-eabi/5.3.0/../../../../arm-none-eabi/lib/armv6k/fpu/libsysbase.a(chdir.o)
                0x00000000001090cc                DIRECTORY_PARENT
                0x00000000001090d0                DIRECTORY_THIS
                0x00000000001090d4                DIRECTORY_SEPARATOR
 *(.roda)
 *(.rodata.*)
 .rodata.str1.4
                0x00000000001090d8        0x9 /opt/devkitpro/libctru/lib/libctru.a(gspgpu.o)
                                          0xc (size before relaxing)
 *fill*         0x00000000001090e1        0x3 
 .rodata.str1.4
                0x00000000001090e4       0x16 /opt/devkitpro/libctru/lib/libctru.a(apt.o)
                                         0x18 (size before relaxing)
 *fill*         0x00000000001090fa        0x2 
 .rodata.str1.4
                0x00000000001090fc       0x15 /opt/devkitpro/libctru/lib/libctru.a(hid.o)
                                         0x18 (size before relaxing)
 *fill*         0x0000000000109111        0x3 
 .rodata.str1.4
                0x0000000000109114        0x5 /opt/devkitpro/libctru/lib/libctru.a(srv.o)
                                          0x8 (size before relaxing)
 *fill*         0x0000000000109119        0x3 
 .rodata.str1.4
                0x000000000010911c        0x2 /opt/devkitpro/libctru/lib/libctru.a(thread.o)
                                          0x4 (size before relaxing)
 *fill*         0x000000000010911e        0x2 
 .rodata.str1.4
                0x0000000000109120        0x7 /opt/devkitpro/libctru/lib/libctru.a(irrst.o)
                                          0x8 (size before relaxing)
 *fill*         0x0000000000109127        0x1 
 .rodata.str1.4
                0x0000000000109128        0x9 /opt/devkitpro/libctru/lib/libctru.a(ptmsysm.o)
                                          0xc (size before relaxing)
 *fill*         0x0000000000109131        0x3 
 .rodata.str1.4
                0x0000000000109134        0xd /opt/devkitpro/libctru/lib/libctru.a(sdmc_dev.o)
                                         0x14 (size before relaxing)
 *fill*         0x0000000000109141        0x3 
 .rodata.str1.4
                0x0000000000109144        0x8 /opt/devkitpro/libctru/lib/libctru.a(fs.o)
                                          0xc (size before relaxing)
 .rodata.str1.4
                0x000000000010914c        0x4 /opt/devkitpro/devkitARM/lib/gcc/arm-none-eabi/5.3.0/../../../../arm-none-eabi/lib/armv6k/fpu/libg.a(lib_a-impure.o)
 .rodata.str1.4
                0x000000000010914c        0x8 /opt/devkitpro/devkitARM/lib/gcc/arm-none-eabi/5.3.0/../../../../arm-none-eabi/lib/armv6k/fpu/libsysbase.a(iosupport.o)
 .rodata._ctype_
                0x0000000000109154      0x104 /opt/devkitpro/devkitARM/lib/gcc/arm-none-eabi/5.3.0/../../../../arm-none-eabi/lib/armv6k/fpu/libg.a(lib_a-ctype_.o)
                0x0000000000109154                _ctype_
 *all.rodata*(*)
 *(.gnu.linkonce.r*)
                0x0000000000109258                . = ALIGN (0x4)

.eh_frame       0x0000000000109258        0x0
 .eh_frame      0x0000000000109258        0x0 /opt/devkitpro/devkitARM/lib/gcc/arm-none-eabi/5.3.0/armv6k/fpu/crtbegin.o

.rel.dyn        0x0000000000109258        0x0
 .rel.iplt      0x0000000000109258        0x0 /opt/devkitpro/devkitARM/lib/gcc/arm-none-eabi/5.3.0/../../../../arm-none-eabi/lib/armv6k/fpu/3dsx_crt0.o

.ARM.extab
 *(.ARM.extab* .gnu.linkonce.armextab.*)
                0x0000000000109258                __exidx_start = .

ARM.exidx
 *(.ARM.exidx* .gnu.linkonce.armexidx.*)
                0x0000000000109258                __exidx_end = .

.data           0x000000000010a000     0x1d2c
 *(.data)
 .data          0x000000000010a000        0xc /opt/devkitpro/libctru/lib/libctru.a(gfx.o)
 .data          0x000000000010a00c        0x4 /opt/devkitpro/libctru/lib/libctru.a(apt.o)
 .data          0x000000000010a010        0x4 /opt/devkitpro/libctru/lib/libctru.a(stack_adjust.o)
                0x000000000010a010                __stacksize__
 .data          0x000000000010a014      0x46c /opt/devkitpro/libctru/lib/libctru.a(sdmc_dev.o)
 .data          0x000000000010a480       0x44 /opt/devkitpro/devkitARM/lib/gcc/arm-none-eabi/5.3.0/../../../../arm-none-eabi/lib/armv6k/fpu/libsysbase.a(iosupport.o)
                0x000000000010a484                devoptab_list
 .data          0x000000000010a4c4     0x1000 /opt/devkitpro/devkitARM/lib/gcc/arm-none-eabi/5.3.0/../../../../arm-none-eabi/lib/armv6k/fpu/libsysbase.a(chdir.o)
 *(.data.*)
 *fill*         0x000000000010b4c4        0x4 
 .data.impure_data
                0x000000000010b4c8      0x440 /opt/devkitpro/devkitARM/lib/gcc/arm-none-eabi/5.3.0/../../../../arm-none-eabi/lib/armv6k/fpu/libg.a(lib_a-impure.o)
 .data._impure_ptr
                0x000000000010b908        0x4 /opt/devkitpro/devkitARM/lib/gcc/arm-none-eabi/5.3.0/../../../../arm-none-eabi/lib/armv6k/fpu/libg.a(lib_a-impure.o)
                0x000000000010b908                _impure_ptr
 .data.__malloc_av_
                0x000000000010b90c      0x408 /opt/devkitpro/devkitARM/lib/gcc/arm-none-eabi/5.3.0/../../../../arm-none-eabi/lib/armv6k/fpu/libg.a(lib_a-mallocr.o)
                0x000000000010b90c                __malloc_av_
 .data.__malloc_trim_threshold
                0x000000000010bd14        0x4 /opt/devkitpro/devkitARM/lib/gcc/arm-none-eabi/5.3.0/../../../../arm-none-eabi/lib/armv6k/fpu/libg.a(lib_a-mallocr.o)
                0x000000000010bd14                __malloc_trim_threshold
 .data.__malloc_sbrk_base
                0x000000000010bd18        0x4 /opt/devkitpro/devkitARM/lib/gcc/arm-none-eabi/5.3.0/../../../../arm-none-eabi/lib/armv6k/fpu/libg.a(lib_a-mallocr.o)
                0x000000000010bd18                __malloc_sbrk_base
 .data.__malloc_lock_object
                0x000000000010bd1c        0xc /opt/devkitpro/devkitARM/lib/gcc/arm-none-eabi/5.3.0/../../../../arm-none-eabi/lib/armv6k/fpu/libg.a(lib_a-mlock.o)
 .data.__ctype_ptr__
                0x000000000010bd28        0x4 /opt/devkitpro/devkitARM/lib/gcc/arm-none-eabi/5.3.0/../../../../arm-none-eabi/lib/armv6k/fpu/libg.a(lib_a-ctype_.o)
                0x000000000010bd28                __ctype_ptr__
 *(.gnu.linkonce.d*)
                0x000000000010bd2c                . = ALIGN (0x4)

.igot.plt       0x000000000010bd2c        0x0
 .igot.plt      0x000000000010bd2c        0x0 /opt/devkitpro/devkitARM/lib/gcc/arm-none-eabi/5.3.0/../../../../arm-none-eabi/lib/armv6k/fpu/3dsx_crt0.o

.jcr            0x000000000010bd2c        0x0
 .jcr           0x000000000010bd2c        0x0 /opt/devkitpro/devkitARM/lib/gcc/arm-none-eabi/5.3.0/armv6k/fpu/crtbegin.o

.tm_clone_table
                0x000000000010bd2c        0x0
 .tm_clone_table
                0x000000000010bd2c        0x0 /opt/devkitpro/devkitARM/lib/gcc/arm-none-eabi/5.3.0/armv6k/fpu/crtbegin.o
 .tm_clone_table
                0x000000000010bd2c        0x0 /opt/devkitpro/devkitARM/lib/gcc/arm-none-eabi/5.3.0/armv6k/fpu/crtend.o
                0x000000000010bd2c                __TMC_END__

.tdata          0x000000000010bd2c        0x0
                0x000000000010bd2c                __tdata_lma = .
 *(.tdata)
 *(.tdata.*)
 *(.gnu.linkonce.td.*)
                0x000000000010bd2c                . = ALIGN (0x4)
                0x000000000010bd2c                __tdata_lma_end = .

.tbss           0x000000000010bd2c     0x340c
 *(.tbss)
 .tbss          0x000000000010bd2c     0x340c /opt/devkitpro/libctru/lib/libctru.a(sdmc_dev.o)
 *(.tbss.*)
 *(.gnu.linkonce.tb.*)
 *(.tcommon)
                0x000000000010f138                . = ALIGN (0x4)

.preinit_array  0x000000000010bd2c        0x0
                0x000000000010bd2c                PROVIDE (__preinit_array_start, .)
 *(.preinit_array)
                0x000000000010bd2c                PROVIDE (__preinit_array_end, .)

.init_array     0x000000000010bd2c        0x4
                0x000000000010bd2c                PROVIDE (__init_array_start, .)
 *(SORT(.init_array.*))
 *(.init_array)
 .init_array    0x000000000010bd2c        0x4 /opt/devkitpro/devkitARM/lib/gcc/arm-none-eabi/5.3.0/armv6k/fpu/crtbegin.o
                0x000000000010bd30                PROVIDE (__init_array_end, .)

.fini_array     0x000000000010bd30        0x4
                0x000000000010bd30                PROVIDE (__fini_array_start, .)
 *(.fini_array)
 .fini_array    0x000000000010bd30        0x4 /opt/devkitpro/devkitARM/lib/gcc/arm-none-eabi/5.3.0/armv6k/fpu/crtbegin.o
 *(SORT(.fini_array.*))
                0x000000000010bd34                PROVIDE (__fini_array_end, .)

.ctors
 *crtbegin.o(.ctors)
 *(EXCLUDE_FILE(*crtend.o) .ctors)
 *(SORT(.ctors.*))
 *(.ctors)

.dtors
 *crtbegin.o(.dtors)
 *(EXCLUDE_FILE(*crtend.o) .dtors)
 *(SORT(.dtors.*))
 *(.dtors)
                0x000000000010bd34                __bss_start__ = .

.bss            0x000000000010bd34     0x575c
 *(.dynbss)
 *(.bss)
 .bss           0x000000000010bd34       0x1c /opt/devkitpro/devkitARM/lib/gcc/arm-none-eabi/5.3.0/armv6k/fpu/crtbegin.o
 .bss           0x000000000010bd50        0xc /opt/devkitpro/libctru/lib/libctru.a(gfx.o)
 .bss           0x000000000010bd5c        0xc /opt/devkitpro/libctru/lib/libctru.a(gspgpu.o)
 .bss           0x000000000010bd68     0x1040 /opt/devkitpro/libctru/lib/libctru.a(apt.o)
 .bss           0x000000000010cda8       0x2c /opt/devkitpro/libctru/lib/libctru.a(hid.o)
 .bss           0x000000000010cdd4        0x8 /opt/devkitpro/libctru/lib/libctru.a(stack_adjust.o)
 .bss           0x000000000010cddc       0x14 /opt/devkitpro/libctru/lib/libctru.a(vram.o)
 .bss           0x000000000010cdf0       0x14 /opt/devkitpro/libctru/lib/libctru.a(mappable.o)
 .bss           0x000000000010ce04       0x14 /opt/devkitpro/libctru/lib/libctru.a(linear.o)
 .bss           0x000000000010ce18        0x4 /opt/devkitpro/libctru/lib/libctru.a(synchronization.o)
 .bss           0x000000000010ce1c        0x1 /opt/devkitpro/libctru/lib/libctru.a(os.o)
                0x000000000010ce1c                __ctru_speedup
 *fill*         0x000000000010ce1d        0x3 
 .bss           0x000000000010ce20        0x8 /opt/devkitpro/libctru/lib/libctru.a(srv.o)
 .bss           0x000000000010ce28        0xc /opt/devkitpro/libctru/lib/libctru.a(irrst.o)
 .bss           0x000000000010ce34        0x8 /opt/devkitpro/libctru/lib/libctru.a(ptmsysm.o)
 *fill*         0x000000000010ce3c        0x4 
 .bss           0x000000000010ce40       0x10 /opt/devkitpro/libctru/lib/libctru.a(sdmc_dev.o)
 .bss           0x000000000010ce50       0x88 /opt/devkitpro/libctru/lib/libctru.a(fs.o)
 .bss           0x000000000010ced8        0x4 /opt/devkitpro/devkitARM/lib/gcc/arm-none-eabi/5.3.0/../../../../arm-none-eabi/lib/armv6k/fpu/libsysbase.a(sbrk.o)
 .bss           0x000000000010cedc        0x8 /opt/devkitpro/devkitARM/lib/gcc/arm-none-eabi/5.3.0/../../../../arm-none-eabi/lib/armv6k/fpu/libsysbase.a(malloc_vars.o)
                0x000000000010cedc                fake_heap_start
                0x000000000010cee0                fake_heap_end
 .bss           0x000000000010cee4     0x1000 /opt/devkitpro/devkitARM/lib/gcc/arm-none-eabi/5.3.0/../../../../arm-none-eabi/lib/armv6k/fpu/libsysbase.a(chdir.o)
 .bss           0x000000000010dee4       0x38 /opt/devkitpro/devkitARM/lib/gcc/arm-none-eabi/5.3.0/../../../../arm-none-eabi/lib/armv6k/fpu/libsysbase.a(syscall_support.o)
                0x000000000010dee4                __syscalls
 *(.bss.*)
 .bss.__malloc_max_total_mem
                0x000000000010df1c        0x4 /opt/devkitpro/devkitARM/lib/gcc/arm-none-eabi/5.3.0/../../../../arm-none-eabi/lib/armv6k/fpu/libg.a(lib_a-mallocr.o)
                0x000000000010df1c                __malloc_max_total_mem
 .bss.__malloc_max_sbrked_mem
                0x000000000010df20        0x4 /opt/devkitpro/devkitARM/lib/gcc/arm-none-eabi/5.3.0/../../../../arm-none-eabi/lib/armv6k/fpu/libg.a(lib_a-mallocr.o)
                0x000000000010df20                __malloc_max_sbrked_mem
 .bss.__malloc_top_pad
                0x000000000010df24        0x4 /opt/devkitpro/devkitARM/lib/gcc/arm-none-eabi/5.3.0/../../../../arm-none-eabi/lib/armv6k/fpu/libg.a(lib_a-mallocr.o)
                0x000000000010df24                __malloc_top_pad
 .bss.__malloc_current_mallinfo
                0x000000000010df28       0x28 /opt/devkitpro/devkitARM/lib/gcc/arm-none-eabi/5.3.0/../../../../arm-none-eabi/lib/armv6k/fpu/libg.a(lib_a-mallocr.o)
                0x000000000010df28                __malloc_current_mallinfo
 *(.gnu.linkonce.b*)
 *(COMMON)
 COMMON         0x000000000010df50       0x60 /opt/devkitpro/libctru/lib/libctru.a(gfx.o)
                0x000000000010df50                gfxBottomFramebuffers
                0x000000000010df58                gspSharedMemHandle
                0x000000000010df5c                bottomFramebufferInfo
                0x000000000010df78                gspEvent
                0x000000000010df7c                gfxTopLeftFramebuffers
                0x000000000010df84                gfxTopRightFramebuffers
                0x000000000010df8c                topFramebufferInfo
                0x000000000010dfa8                gfxThreadID
                0x000000000010dfac                gfxSharedMemory
 COMMON         0x000000000010dfb0        0x4 /opt/devkitpro/libctru/lib/libctru.a(gx.o)
                0x000000000010dfb0                gxCmdBuf
 COMMON         0x000000000010dfb4       0x84 /opt/devkitpro/libctru/lib/libctru.a(gspgpu.o)
                0x000000000010dfb4                gspEventCbOneShot
                0x000000000010dfbc                gspEventCb
                0x000000000010dfd8                gspGpuHandle
                0x000000000010dfdc                gspEventThread
                0x000000000010dfe0                gspEventCounts
                0x000000000010dffc                gspEvents
                0x000000000010e018                gspRunEvents
                0x000000000010e01c                gspEventCbData
 COMMON         0x000000000010e038       0x20 /opt/devkitpro/libctru/lib/libctru.a(hid.o)
                0x000000000010e038                hidMemHandle
                0x000000000010e03c                hidHandle
                0x000000000010e040                hidSharedMem
                0x000000000010e044                hidEvents
 COMMON         0x000000000010e058        0x4 /opt/devkitpro/libctru/lib/libctru.a(initSystem.o)
                0x000000000010e058                __system_retAddr
 COMMON         0x000000000010e05c       0x10 /opt/devkitpro/libctru/lib/libctru.a(allocateHeaps.o)
                0x000000000010e05c                __ctru_heap_size
                0x000000000010e060                __ctru_linear_heap
                0x000000000010e064                __ctru_heap
                0x000000000010e068                __ctru_linear_heap_size
 COMMON         0x000000000010e06c        0x8 /opt/devkitpro/libctru/lib/libctru.a(initArgv.o)
                0x000000000010e06c                __system_argv
                0x000000000010e070                __system_argc
 COMMON         0x000000000010e074       0x10 /opt/devkitpro/libctru/lib/libctru.a(irrst.o)
                0x000000000010e074                irrstHandle
                0x000000000010e078                irrstEvent
                0x000000000010e07c                irrstMemHandle
                0x000000000010e080                irrstSharedMem
                0x000000000010e084                . = ALIGN (0x4)
                0x000000000010e084                __tls_start = .
                0x0000000000111490                . = (. + (SIZEOF (.tdata) + SIZEOF (.tbss)))
 *fill*         0x000000000010e084     0x340c 
                0x0000000000111490                __tls_end = .
                0x0000000000111490                __bss_end__ = .
                0x0000000000111490                __end__ = ABSOLUTE (.)

/DISCARD/
 *(.group .comment .note)

.stab
 *(.stab)

.stabstr
 *(.stabstr)

.stab.excl
 *(.stab.excl)

.stab.exclstr
 *(.stab.exclstr)

.stab.index
 *(.stab.index)

.stab.indexstr
 *(.stab.indexstr)

.debug
 *(.debug)

.line
 *(.line)

.debug_srcinfo
 *(.debug_srcinfo)

.debug_sfnames
 *(.debug_sfnames)

.debug_aranges  0x0000000000000000     0x1260
 *(.debug_aranges)
 .debug_aranges
                0x0000000000000000       0x20 main.o
 .debug_aranges
                0x0000000000000020       0xa0 /opt/devkitpro/libctru/lib/libctru.a(gfx.o)
 .debug_aranges
                0x00000000000000c0       0x48 /opt/devkitpro/libctru/lib/libctru.a(gx.o)
 .debug_aranges
                0x0000000000000108       0xd8 /opt/devkitpro/libctru/lib/libctru.a(gspgpu.o)
 .debug_aranges
                0x00000000000001e0      0x1d8 /opt/devkitpro/libctru/lib/libctru.a(apt.o)
 .debug_aranges
                0x00000000000003b8       0xb0 /opt/devkitpro/libctru/lib/libctru.a(hid.o)
 .debug_aranges
                0x0000000000000468       0x20 /opt/devkitpro/libctru/lib/libctru.a(initSystem.o)
 .debug_aranges
                0x0000000000000488       0x28 /opt/devkitpro/libctru/lib/libctru.a(syscalls.o)
 .debug_aranges
                0x00000000000004b0       0x28 /opt/devkitpro/libctru/lib/libctru.a(allocateHeaps.o)
 .debug_aranges
                0x00000000000004d8       0x20 /opt/devkitpro/libctru/lib/libctru.a(initArgv.o)
 .debug_aranges
                0x00000000000004f8      0x290 /opt/devkitpro/libctru/lib/libctru.a(svc.o)
 .debug_aranges
                0x0000000000000788       0x20 /opt/devkitpro/libctru/lib/libctru.a(stack_adjust.o)
 .debug_aranges
                0x00000000000007a8       0x50 /opt/devkitpro/libctru/lib/libctru.a(vram.o)
 .debug_aranges
                0x00000000000007f8       0x40 /opt/devkitpro/libctru/lib/libctru.a(mappable.o)
 .debug_aranges
                0x0000000000000838       0x50 /opt/devkitpro/libctru/lib/libctru.a(linear.o)
 .debug_aranges
                0x0000000000000888       0x38 /opt/devkitpro/libctru/lib/libctru.a(mem_pool.o)
 .debug_aranges
                0x00000000000008c0       0xa8 /opt/devkitpro/libctru/lib/libctru.a(synchronization.o)
 .debug_aranges
                0x0000000000000968       0x68 /opt/devkitpro/libctru/lib/libctru.a(os.o)
 .debug_aranges
                0x00000000000009d0       0xa8 /opt/devkitpro/libctru/lib/libctru.a(srv.o)
 .debug_aranges
                0x0000000000000a78       0x58 /opt/devkitpro/libctru/lib/libctru.a(thread.o)
 .debug_aranges
                0x0000000000000ad0       0x68 /opt/devkitpro/libctru/lib/libctru.a(irrst.o)
 .debug_aranges
                0x0000000000000b38       0x30 /opt/devkitpro/libctru/lib/libctru.a(ptmsysm.o)
 .debug_aranges
                0x0000000000000b68       0x20 /opt/devkitpro/libctru/lib/libctru.a(rbtree_init.o)
 .debug_aranges
                0x0000000000000b88       0x30 /opt/devkitpro/libctru/lib/libctru.a(rbtree_insert.o)
 .debug_aranges
                0x0000000000000bb8       0x20 /opt/devkitpro/libctru/lib/libctru.a(rbtree_rotate.o)
 .debug_aranges
                0x0000000000000bd8       0x20 /opt/devkitpro/libctru/lib/libctru.a(rbtree_remove.o)
 .debug_aranges
                0x0000000000000bf8       0x20 /opt/devkitpro/libctru/lib/libctru.a(rbtree_find.o)
 .debug_aranges
                0x0000000000000c18       0x20 /opt/devkitpro/libctru/lib/libctru.a(appInit.o)
 .debug_aranges
                0x0000000000000c38       0x20 /opt/devkitpro/libctru/lib/libctru.a(appExit.o)
 .debug_aranges
                0x0000000000000c58       0x20 /opt/devkitpro/libctru/lib/libctru.a(ctru_exit.o)
 .debug_aranges
                0x0000000000000c78       0x28 /opt/devkitpro/libctru/lib/libctru.a(env.o)
 .debug_aranges
                0x0000000000000ca0      0x108 /opt/devkitpro/libctru/lib/libctru.a(sdmc_dev.o)
 .debug_aranges
                0x0000000000000da8      0x3b0 /opt/devkitpro/libctru/lib/libctru.a(fs.o)
 .debug_aranges
                0x0000000000001158       0x28 /opt/devkitpro/libctru/lib/libctru.a(rbtree_iterator.o)
 .debug_aranges
                0x0000000000001180       0x20 /opt/devkitpro/libctru/lib/libctru.a(utf8_to_utf16.o)
 .debug_aranges
                0x00000000000011a0       0x20 /opt/devkitpro/libctru/lib/libctru.a(decode_utf8.o)
 .debug_aranges
                0x00000000000011c0       0x20 /opt/devkitpro/libctru/lib/libctru.a(utf16_to_utf8.o)
 .debug_aranges
                0x00000000000011e0       0x20 /opt/devkitpro/libctru/lib/libctru.a(readtp.o)
 .debug_aranges
                0x0000000000001200       0x20 /opt/devkitpro/libctru/lib/libctru.a(encode_utf16.o)
 .debug_aranges
                0x0000000000001220       0x20 /opt/devkitpro/libctru/lib/libctru.a(encode_utf8.o)
 .debug_aranges
                0x0000000000001240       0x20 /opt/devkitpro/libctru/lib/libctru.a(decode_utf16.o)

.debug_pubnames
 *(.debug_pubnames)

.debug_info     0x0000000000000000    0x1a065
 *(.debug_info)
 .debug_info    0x0000000000000000      0x752 main.o
 .debug_info    0x0000000000000752      0xc1c /opt/devkitpro/libctru/lib/libctru.a(gfx.o)
 .debug_info    0x000000000000136e      0x455 /opt/devkitpro/libctru/lib/libctru.a(gx.o)
 .debug_info    0x00000000000017c3     0x136b /opt/devkitpro/libctru/lib/libctru.a(gspgpu.o)
 .debug_info    0x0000000000002b2e     0x35a7 /opt/devkitpro/libctru/lib/libctru.a(apt.o)
 .debug_info    0x00000000000060d5      0xde4 /opt/devkitpro/libctru/lib/libctru.a(hid.o)
 .debug_info    0x0000000000006eb9      0x1c0 /opt/devkitpro/libctru/lib/libctru.a(initSystem.o)
 .debug_info    0x0000000000007079      0xd0f /opt/devkitpro/libctru/lib/libctru.a(syscalls.o)
 .debug_info    0x0000000000007d88      0x469 /opt/devkitpro/libctru/lib/libctru.a(allocateHeaps.o)
 .debug_info    0x00000000000081f1      0x1d2 /opt/devkitpro/libctru/lib/libctru.a(initArgv.o)
 .debug_info    0x00000000000083c3       0x73 /opt/devkitpro/libctru/lib/libctru.a(svc.o)
 .debug_info    0x0000000000008436       0x87 /opt/devkitpro/libctru/lib/libctru.a(stack_adjust.o)
 .debug_info    0x00000000000084bd      0x8c3 /opt/devkitpro/libctru/lib/libctru.a(vram.o)
 .debug_info    0x0000000000008d80      0x834 /opt/devkitpro/libctru/lib/libctru.a(mappable.o)
 .debug_info    0x00000000000095b4      0x8d9 /opt/devkitpro/libctru/lib/libctru.a(linear.o)
 .debug_info    0x0000000000009e8d      0x8a8 /opt/devkitpro/libctru/lib/libctru.a(mem_pool.o)
 .debug_info    0x000000000000a735     0x10ce /opt/devkitpro/libctru/lib/libctru.a(synchronization.o)
 .debug_info    0x000000000000b803      0xd4e /opt/devkitpro/libctru/lib/libctru.a(os.o)
 .debug_info    0x000000000000c551      0xc9f /opt/devkitpro/libctru/lib/libctru.a(srv.o)
 .debug_info    0x000000000000d1f0     0x100b /opt/devkitpro/libctru/lib/libctru.a(thread.o)
 .debug_info    0x000000000000e1fb      0x859 /opt/devkitpro/libctru/lib/libctru.a(irrst.o)
 .debug_info    0x000000000000ea54      0x29f /opt/devkitpro/libctru/lib/libctru.a(ptmsysm.o)
 .debug_info    0x000000000000ecf3      0x17f /opt/devkitpro/libctru/lib/libctru.a(rbtree_init.o)
 .debug_info    0x000000000000ee72      0x5ef /opt/devkitpro/libctru/lib/libctru.a(rbtree_insert.o)
 .debug_info    0x000000000000f461      0x2b2 /opt/devkitpro/libctru/lib/libctru.a(rbtree_rotate.o)
 .debug_info    0x000000000000f713      0x7cf /opt/devkitpro/libctru/lib/libctru.a(rbtree_remove.o)
 .debug_info    0x000000000000fee2      0x1d0 /opt/devkitpro/libctru/lib/libctru.a(rbtree_find.o)
 .debug_info    0x00000000000100b2       0xf7 /opt/devkitpro/libctru/lib/libctru.a(appInit.o)
 .debug_info    0x00000000000101a9       0xf7 /opt/devkitpro/libctru/lib/libctru.a(appExit.o)
 .debug_info    0x00000000000102a0      0x25b /opt/devkitpro/libctru/lib/libctru.a(ctru_exit.o)
 .debug_info    0x00000000000104fb      0x271 /opt/devkitpro/libctru/lib/libctru.a(env.o)
 .debug_info    0x000000000001076c     0x29e5 /opt/devkitpro/libctru/lib/libctru.a(sdmc_dev.o)
 .debug_info    0x0000000000013151     0x63c7 /opt/devkitpro/libctru/lib/libctru.a(fs.o)
 .debug_info    0x0000000000019518      0x2ee /opt/devkitpro/libctru/lib/libctru.a(rbtree_iterator.o)
 .debug_info    0x0000000000019806      0x1c0 /opt/devkitpro/libctru/lib/libctru.a(utf8_to_utf16.o)
 .debug_info    0x00000000000199c6      0x143 /opt/devkitpro/libctru/lib/libctru.a(decode_utf8.o)
 .debug_info    0x0000000000019b09      0x1c0 /opt/devkitpro/libctru/lib/libctru.a(utf16_to_utf8.o)
 .debug_info    0x0000000000019cc9       0x81 /opt/devkitpro/libctru/lib/libctru.a(readtp.o)
 .debug_info    0x0000000000019d4a       0xfc /opt/devkitpro/libctru/lib/libctru.a(encode_utf16.o)
 .debug_info    0x0000000000019e46       0xfc /opt/devkitpro/libctru/lib/libctru.a(encode_utf8.o)
 .debug_info    0x0000000000019f42      0x123 /opt/devkitpro/libctru/lib/libctru.a(decode_utf16.o)

.debug_abbrev   0x0000000000000000     0x4bee
 *(.debug_abbrev)
 .debug_abbrev  0x0000000000000000      0x17c main.o
 .debug_abbrev  0x000000000000017c      0x2e1 /opt/devkitpro/libctru/lib/libctru.a(gfx.o)
 .debug_abbrev  0x000000000000045d       0xee /opt/devkitpro/libctru/lib/libctru.a(gx.o)
 .debug_abbrev  0x000000000000054b      0x3d4 /opt/devkitpro/libctru/lib/libctru.a(gspgpu.o)
 .debug_abbrev  0x000000000000091f      0x560 /opt/devkitpro/libctru/lib/libctru.a(apt.o)
 .debug_abbrev  0x0000000000000e7f      0x30b /opt/devkitpro/libctru/lib/libctru.a(hid.o)
 .debug_abbrev  0x000000000000118a      0x10b /opt/devkitpro/libctru/lib/libctru.a(initSystem.o)
 .debug_abbrev  0x0000000000001295      0x2b7 /opt/devkitpro/libctru/lib/libctru.a(syscalls.o)
 .debug_abbrev  0x000000000000154c      0x1ba /opt/devkitpro/libctru/lib/libctru.a(allocateHeaps.o)
 .debug_abbrev  0x0000000000001706      0x10e /opt/devkitpro/libctru/lib/libctru.a(initArgv.o)
 .debug_abbrev  0x0000000000001814       0x12 /opt/devkitpro/libctru/lib/libctru.a(svc.o)
 .debug_abbrev  0x0000000000001826       0x14 /opt/devkitpro/libctru/lib/libctru.a(stack_adjust.o)
 .debug_abbrev  0x000000000000183a      0x2ce /opt/devkitpro/libctru/lib/libctru.a(vram.o)
 .debug_abbrev  0x0000000000001b08      0x2bf /opt/devkitpro/libctru/lib/libctru.a(mappable.o)
 .debug_abbrev  0x0000000000001dc7      0x2df /opt/devkitpro/libctru/lib/libctru.a(linear.o)
 .debug_abbrev  0x00000000000020a6      0x269 /opt/devkitpro/libctru/lib/libctru.a(mem_pool.o)
 .debug_abbrev  0x000000000000230f      0x2eb /opt/devkitpro/libctru/lib/libctru.a(synchronization.o)
 .debug_abbrev  0x00000000000025fa      0x2d6 /opt/devkitpro/libctru/lib/libctru.a(os.o)
 .debug_abbrev  0x00000000000028d0      0x230 /opt/devkitpro/libctru/lib/libctru.a(srv.o)
 .debug_abbrev  0x0000000000002b00      0x3a9 /opt/devkitpro/libctru/lib/libctru.a(thread.o)
 .debug_abbrev  0x0000000000002ea9      0x2b5 /opt/devkitpro/libctru/lib/libctru.a(irrst.o)
 .debug_abbrev  0x000000000000315e      0x1a4 /opt/devkitpro/libctru/lib/libctru.a(ptmsysm.o)
 .debug_abbrev  0x0000000000003302       0xb0 /opt/devkitpro/libctru/lib/libctru.a(rbtree_init.o)
 .debug_abbrev  0x00000000000033b2      0x226 /opt/devkitpro/libctru/lib/libctru.a(rbtree_insert.o)
 .debug_abbrev  0x00000000000035d8      0x172 /opt/devkitpro/libctru/lib/libctru.a(rbtree_rotate.o)
 .debug_abbrev  0x000000000000374a      0x1f2 /opt/devkitpro/libctru/lib/libctru.a(rbtree_remove.o)
 .debug_abbrev  0x000000000000393c       0xec /opt/devkitpro/libctru/lib/libctru.a(rbtree_find.o)
 .debug_abbrev  0x0000000000003a28       0x6c /opt/devkitpro/libctru/lib/libctru.a(appInit.o)
 .debug_abbrev  0x0000000000003a94       0x6c /opt/devkitpro/libctru/lib/libctru.a(appExit.o)
 .debug_abbrev  0x0000000000003b00      0x11c /opt/devkitpro/libctru/lib/libctru.a(ctru_exit.o)
 .debug_abbrev  0x0000000000003c1c      0x1a2 /opt/devkitpro/libctru/lib/libctru.a(env.o)
 .debug_abbrev  0x0000000000003dbe      0x425 /opt/devkitpro/libctru/lib/libctru.a(sdmc_dev.o)
 .debug_abbrev  0x00000000000041e3      0x4da /opt/devkitpro/libctru/lib/libctru.a(fs.o)
 .debug_abbrev  0x00000000000046bd      0x176 /opt/devkitpro/libctru/lib/libctru.a(rbtree_iterator.o)
 .debug_abbrev  0x0000000000004833       0xe4 /opt/devkitpro/libctru/lib/libctru.a(utf8_to_utf16.o)
 .debug_abbrev  0x0000000000004917       0x7f /opt/devkitpro/libctru/lib/libctru.a(decode_utf8.o)
 .debug_abbrev  0x0000000000004996       0xe4 /opt/devkitpro/libctru/lib/libctru.a(utf16_to_utf8.o)
 .debug_abbrev  0x0000000000004a7a       0x14 /opt/devkitpro/libctru/lib/libctru.a(readtp.o)
 .debug_abbrev  0x0000000000004a8e       0x69 /opt/devkitpro/libctru/lib/libctru.a(encode_utf16.o)
 .debug_abbrev  0x0000000000004af7       0x69 /opt/devkitpro/libctru/lib/libctru.a(encode_utf8.o)
 .debug_abbrev  0x0000000000004b60       0x8e /opt/devkitpro/libctru/lib/libctru.a(decode_utf16.o)

.debug_line     0x0000000000000000     0x879d
 *(.debug_line)
 .debug_line    0x0000000000000000      0x18e main.o
 .debug_line    0x000000000000018e      0x41f /opt/devkitpro/libctru/lib/libctru.a(gfx.o)
 .debug_line    0x00000000000005ad      0x223 /opt/devkitpro/libctru/lib/libctru.a(gx.o)
 .debug_line    0x00000000000007d0      0x5c5 /opt/devkitpro/libctru/lib/libctru.a(gspgpu.o)
 .debug_line    0x0000000000000d95      0xc88 /opt/devkitpro/libctru/lib/libctru.a(apt.o)
 .debug_line    0x0000000000001a1d      0x426 /opt/devkitpro/libctru/lib/libctru.a(hid.o)
 .debug_line    0x0000000000001e43      0x137 /opt/devkitpro/libctru/lib/libctru.a(initSystem.o)
 .debug_line    0x0000000000001f7a      0x294 /opt/devkitpro/libctru/lib/libctru.a(syscalls.o)
 .debug_line    0x000000000000220e      0x19c /opt/devkitpro/libctru/lib/libctru.a(allocateHeaps.o)
 .debug_line    0x00000000000023aa      0x182 /opt/devkitpro/libctru/lib/libctru.a(initArgv.o)
 .debug_line    0x000000000000252c      0x623 /opt/devkitpro/libctru/lib/libctru.a(svc.o)
 .debug_line    0x0000000000002b4f       0x82 /opt/devkitpro/libctru/lib/libctru.a(stack_adjust.o)
 .debug_line    0x0000000000002bd1      0x2ad /opt/devkitpro/libctru/lib/libctru.a(vram.o)
 .debug_line    0x0000000000002e7e      0x272 /opt/devkitpro/libctru/lib/libctru.a(mappable.o)
 .debug_line    0x00000000000030f0      0x2b0 /opt/devkitpro/libctru/lib/libctru.a(linear.o)
 .debug_line    0x00000000000033a0      0x2c0 /opt/devkitpro/libctru/lib/libctru.a(mem_pool.o)
 .debug_line    0x0000000000003660      0x50d /opt/devkitpro/libctru/lib/libctru.a(synchronization.o)
 .debug_line    0x0000000000003b6d      0x2f8 /opt/devkitpro/libctru/lib/libctru.a(os.o)
 .debug_line    0x0000000000003e65      0x3b1 /opt/devkitpro/libctru/lib/libctru.a(srv.o)
 .debug_line    0x0000000000004216      0x316 /opt/devkitpro/libctru/lib/libctru.a(thread.o)
 .debug_line    0x000000000000452c      0x31c /opt/devkitpro/libctru/lib/libctru.a(irrst.o)
 .debug_line    0x0000000000004848      0x17b /opt/devkitpro/libctru/lib/libctru.a(ptmsysm.o)
 .debug_line    0x00000000000049c3      0x17a /opt/devkitpro/libctru/lib/libctru.a(rbtree_init.o)
 .debug_line    0x0000000000004b3d      0x24d /opt/devkitpro/libctru/lib/libctru.a(rbtree_insert.o)
 .debug_line    0x0000000000004d8a      0x1cf /opt/devkitpro/libctru/lib/libctru.a(rbtree_rotate.o)
 .debug_line    0x0000000000004f59      0x2e0 /opt/devkitpro/libctru/lib/libctru.a(rbtree_remove.o)
 .debug_line    0x0000000000005239      0x18c /opt/devkitpro/libctru/lib/libctru.a(rbtree_find.o)
 .debug_line    0x00000000000053c5       0xf3 /opt/devkitpro/libctru/lib/libctru.a(appInit.o)
 .debug_line    0x00000000000054b8       0xf3 /opt/devkitpro/libctru/lib/libctru.a(appExit.o)
 .debug_line    0x00000000000055ab      0x143 /opt/devkitpro/libctru/lib/libctru.a(ctru_exit.o)
 .debug_line    0x00000000000056ee      0x15e /opt/devkitpro/libctru/lib/libctru.a(env.o)
 .debug_line    0x000000000000584c      0x78b /opt/devkitpro/libctru/lib/libctru.a(sdmc_dev.o)
 .debug_line    0x0000000000005fd7     0x1c8f /opt/devkitpro/libctru/lib/libctru.a(fs.o)
 .debug_line    0x0000000000007c66      0x191 /opt/devkitpro/libctru/lib/libctru.a(rbtree_iterator.o)
 .debug_line    0x0000000000007df7      0x1e0 /opt/devkitpro/libctru/lib/libctru.a(utf8_to_utf16.o)
 .debug_line    0x0000000000007fd7      0x172 /opt/devkitpro/libctru/lib/libctru.a(decode_utf8.o)
 .debug_line    0x0000000000008149      0x1e6 /opt/devkitpro/libctru/lib/libctru.a(utf16_to_utf8.o)
 .debug_line    0x000000000000832f       0x64 /opt/devkitpro/libctru/lib/libctru.a(readtp.o)
 .debug_line    0x0000000000008393      0x14f /opt/devkitpro/libctru/lib/libctru.a(encode_utf16.o)
 .debug_line    0x00000000000084e2      0x176 /opt/devkitpro/libctru/lib/libctru.a(encode_utf8.o)
 .debug_line    0x0000000000008658      0x145 /opt/devkitpro/libctru/lib/libctru.a(decode_utf16.o)

.debug_frame    0x0000000000000000     0x2dc4
 *(.debug_frame)
 .debug_frame   0x0000000000000000       0x2c main.o
 .debug_frame   0x000000000000002c      0x1bc /opt/devkitpro/libctru/lib/libctru.a(gfx.o)
 .debug_frame   0x00000000000001e8       0xd8 /opt/devkitpro/libctru/lib/libctru.a(gx.o)
 .debug_frame   0x00000000000002c0      0x2b4 /opt/devkitpro/libctru/lib/libctru.a(gspgpu.o)
 .debug_frame   0x0000000000000574      0x718 /opt/devkitpro/libctru/lib/libctru.a(apt.o)
 .debug_frame   0x0000000000000c8c      0x204 /opt/devkitpro/libctru/lib/libctru.a(hid.o)
 .debug_frame   0x0000000000000e90       0x2c /opt/devkitpro/libctru/lib/libctru.a(initSystem.o)
 .debug_frame   0x0000000000000ebc       0x4c /opt/devkitpro/libctru/lib/libctru.a(syscalls.o)
 .debug_frame   0x0000000000000f08       0x54 /opt/devkitpro/libctru/lib/libctru.a(allocateHeaps.o)
 .debug_frame   0x0000000000000f5c       0x2c /opt/devkitpro/libctru/lib/libctru.a(initArgv.o)
 .debug_frame   0x0000000000000f88       0xb4 /opt/devkitpro/libctru/lib/libctru.a(vram.o)
 .debug_frame   0x000000000000103c       0x88 /opt/devkitpro/libctru/lib/libctru.a(mappable.o)
 .debug_frame   0x00000000000010c4       0xc0 /opt/devkitpro/libctru/lib/libctru.a(linear.o)
 .debug_frame   0x0000000000001184       0xa8 /opt/devkitpro/libctru/lib/libctru.a(mem_pool.o)
 .debug_frame   0x000000000000122c      0x1c8 /opt/devkitpro/libctru/lib/libctru.a(synchronization.o)
 .debug_frame   0x00000000000013f4      0x100 /opt/devkitpro/libctru/lib/libctru.a(os.o)
 .debug_frame   0x00000000000014f4      0x1f8 /opt/devkitpro/libctru/lib/libctru.a(srv.o)
 .debug_frame   0x00000000000016ec       0xdc /opt/devkitpro/libctru/lib/libctru.a(thread.o)
 .debug_frame   0x00000000000017c8      0x114 /opt/devkitpro/libctru/lib/libctru.a(irrst.o)
 .debug_frame   0x00000000000018dc       0x50 /opt/devkitpro/libctru/lib/libctru.a(ptmsysm.o)
 .debug_frame   0x000000000000192c       0x20 /opt/devkitpro/libctru/lib/libctru.a(rbtree_init.o)
 .debug_frame   0x000000000000194c       0x54 /opt/devkitpro/libctru/lib/libctru.a(rbtree_insert.o)
 .debug_frame   0x00000000000019a0       0x2c /opt/devkitpro/libctru/lib/libctru.a(rbtree_rotate.o)
 .debug_frame   0x00000000000019cc       0x40 /opt/devkitpro/libctru/lib/libctru.a(rbtree_remove.o)
 .debug_frame   0x0000000000001a0c       0x30 /opt/devkitpro/libctru/lib/libctru.a(rbtree_find.o)
 .debug_frame   0x0000000000001a3c       0x2c /opt/devkitpro/libctru/lib/libctru.a(appInit.o)
 .debug_frame   0x0000000000001a68       0x2c /opt/devkitpro/libctru/lib/libctru.a(appExit.o)
 .debug_frame   0x0000000000001a94       0x28 /opt/devkitpro/libctru/lib/libctru.a(ctru_exit.o)
 .debug_frame   0x0000000000001abc       0x50 /opt/devkitpro/libctru/lib/libctru.a(env.o)
 .debug_frame   0x0000000000001b0c      0x43c /opt/devkitpro/libctru/lib/libctru.a(sdmc_dev.o)
 .debug_frame   0x0000000000001f48      0xd3c /opt/devkitpro/libctru/lib/libctru.a(fs.o)
 .debug_frame   0x0000000000002c84       0x30 /opt/devkitpro/libctru/lib/libctru.a(rbtree_iterator.o)
 .debug_frame   0x0000000000002cb4       0x3c /opt/devkitpro/libctru/lib/libctru.a(utf8_to_utf16.o)
 .debug_frame   0x0000000000002cf0       0x30 /opt/devkitpro/libctru/lib/libctru.a(decode_utf8.o)
 .debug_frame   0x0000000000002d20       0x3c /opt/devkitpro/libctru/lib/libctru.a(utf16_to_utf8.o)
 .debug_frame   0x0000000000002d5c       0x20 /opt/devkitpro/libctru/lib/libctru.a(encode_utf16.o)
 .debug_frame   0x0000000000002d7c       0x20 /opt/devkitpro/libctru/lib/libctru.a(encode_utf8.o)
 .debug_frame   0x0000000000002d9c       0x28 /opt/devkitpro/libctru/lib/libctru.a(decode_utf16.o)

.debug_str      0x0000000000000000     0x5bfe
 *(.debug_str)
 .debug_str     0x0000000000000000      0x605 main.o
                                        0x67a (size before relaxing)
 .debug_str     0x0000000000000605      0x593 /opt/devkitpro/libctru/lib/libctru.a(gfx.o)
                                        0x7a5 (size before relaxing)
 .debug_str     0x0000000000000b98      0x134 /opt/devkitpro/libctru/lib/libctru.a(gx.o)
                                        0x2c5 (size before relaxing)
 .debug_str     0x0000000000000ccc      0x47d /opt/devkitpro/libctru/lib/libctru.a(gspgpu.o)
                                        0x8c5 (size before relaxing)
 .debug_str     0x0000000000001149      0xfe6 /opt/devkitpro/libctru/lib/libctru.a(apt.o)
                                       0x14fa (size before relaxing)
 .debug_str     0x000000000000212f      0x365 /opt/devkitpro/libctru/lib/libctru.a(hid.o)
                                        0x799 (size before relaxing)
 .debug_str     0x0000000000002494       0xa1 /opt/devkitpro/libctru/lib/libctru.a(initSystem.o)
                                        0x26b (size before relaxing)
 .debug_str     0x0000000000002535      0x5a8 /opt/devkitpro/libctru/lib/libctru.a(syscalls.o)
                                        0x842 (size before relaxing)
 .debug_str     0x0000000000002add      0x227 /opt/devkitpro/libctru/lib/libctru.a(allocateHeaps.o)
                                        0x455 (size before relaxing)
 .debug_str     0x0000000000002d04       0x7c /opt/devkitpro/libctru/lib/libctru.a(initArgv.o)
                                        0x258 (size before relaxing)
 .debug_str     0x0000000000002d80      0x455 /opt/devkitpro/libctru/lib/libctru.a(vram.o)
                                        0x572 (size before relaxing)
 .debug_str     0x00000000000031d5       0x69 /opt/devkitpro/libctru/lib/libctru.a(mappable.o)
                                        0x561 (size before relaxing)
 .debug_str     0x000000000000323e       0x95 /opt/devkitpro/libctru/lib/libctru.a(linear.o)
                                        0x5ad (size before relaxing)
 .debug_str     0x00000000000032d3       0x7f /opt/devkitpro/libctru/lib/libctru.a(mem_pool.o)
                                        0x449 (size before relaxing)
 .debug_str     0x0000000000003352      0x257 /opt/devkitpro/libctru/lib/libctru.a(synchronization.o)
                                        0x4d8 (size before relaxing)
 .debug_str     0x00000000000035a9      0x14d /opt/devkitpro/libctru/lib/libctru.a(os.o)
                                        0x7cf (size before relaxing)
 .debug_str     0x00000000000036f6      0x20b /opt/devkitpro/libctru/lib/libctru.a(srv.o)
                                        0x511 (size before relaxing)
 .debug_str     0x0000000000003901      0x142 /opt/devkitpro/libctru/lib/libctru.a(thread.o)
                                        0x7fa (size before relaxing)
 .debug_str     0x0000000000003a43      0x107 /opt/devkitpro/libctru/lib/libctru.a(irrst.o)
                                        0x523 (size before relaxing)
 .debug_str     0x0000000000003b4a       0x56 /opt/devkitpro/libctru/lib/libctru.a(ptmsysm.o)
                                        0x2c7 (size before relaxing)
 .debug_str     0x0000000000003ba0       0x3f /opt/devkitpro/libctru/lib/libctru.a(rbtree_init.o)
                                        0x20e (size before relaxing)
 .debug_str     0x0000000000003bdf       0xe8 /opt/devkitpro/libctru/lib/libctru.a(rbtree_insert.o)
                                        0x2d0 (size before relaxing)
 .debug_str     0x0000000000003cc7       0x41 /opt/devkitpro/libctru/lib/libctru.a(rbtree_rotate.o)
                                        0x265 (size before relaxing)
 .debug_str     0x0000000000003d08       0x8f /opt/devkitpro/libctru/lib/libctru.a(rbtree_remove.o)
                                        0x2ee (size before relaxing)
 .debug_str     0x0000000000003d97       0x3f /opt/devkitpro/libctru/lib/libctru.a(rbtree_find.o)
                                        0x218 (size before relaxing)
 .debug_str     0x0000000000003dd6       0x50 /opt/devkitpro/libctru/lib/libctru.a(appInit.o)
                                        0x1a3 (size before relaxing)
 .debug_str     0x0000000000003e26       0x50 /opt/devkitpro/libctru/lib/libctru.a(appExit.o)
                                        0x1a3 (size before relaxing)
 .debug_str     0x0000000000003e76       0x59 /opt/devkitpro/libctru/lib/libctru.a(ctru_exit.o)
                                        0x34b (size before relaxing)
 .debug_str     0x0000000000003ecf       0x5b /opt/devkitpro/libctru/lib/libctru.a(env.o)
                                        0x247 (size before relaxing)
 .debug_str     0x0000000000003f2a      0xb18 /opt/devkitpro/libctru/lib/libctru.a(sdmc_dev.o)
                                       0x11bd (size before relaxing)
 .debug_str     0x0000000000004a42      0xfa9 /opt/devkitpro/libctru/lib/libctru.a(fs.o)
                                       0x1c7d (size before relaxing)
 .debug_str     0x00000000000059eb       0x5f /opt/devkitpro/libctru/lib/libctru.a(rbtree_iterator.o)
                                        0x218 (size before relaxing)
 .debug_str     0x0000000000005a4a       0x53 /opt/devkitpro/libctru/lib/libctru.a(utf8_to_utf16.o)
                                        0x205 (size before relaxing)
 .debug_str     0x0000000000005a9d       0x54 /opt/devkitpro/libctru/lib/libctru.a(decode_utf8.o)
                                        0x1d2 (size before relaxing)
 .debug_str     0x0000000000005af1       0x57 /opt/devkitpro/libctru/lib/libctru.a(utf16_to_utf8.o)
                                        0x205 (size before relaxing)
 .debug_str     0x0000000000005b48       0x3d /opt/devkitpro/libctru/lib/libctru.a(encode_utf16.o)
                                        0x1be (size before relaxing)
 .debug_str     0x0000000000005b85       0x3c /opt/devkitpro/libctru/lib/libctru.a(encode_utf8.o)
                                        0x1ba (size before relaxing)
 .debug_str     0x0000000000005bc1       0x3d /opt/devkitpro/libctru/lib/libctru.a(decode_utf16.o)
                                        0x1ca (size before relaxing)

.debug_loc      0x0000000000000000     0xb8cd
 *(.debug_loc)
 .debug_loc     0x0000000000000000       0x31 main.o
 .debug_loc     0x0000000000000031      0x34b /opt/devkitpro/libctru/lib/libctru.a(gfx.o)
 .debug_loc     0x000000000000037c      0x366 /opt/devkitpro/libctru/lib/libctru.a(gx.o)
 .debug_loc     0x00000000000006e2      0x9fa /opt/devkitpro/libctru/lib/libctru.a(gspgpu.o)
 .debug_loc     0x00000000000010dc     0x1690 /opt/devkitpro/libctru/lib/libctru.a(apt.o)
 .debug_loc     0x000000000000276c      0x7bb /opt/devkitpro/libctru/lib/libctru.a(hid.o)
 .debug_loc     0x0000000000002f27       0x21 /opt/devkitpro/libctru/lib/libctru.a(initSystem.o)
 .debug_loc     0x0000000000002f48       0x23 /opt/devkitpro/libctru/lib/libctru.a(syscalls.o)
 .debug_loc     0x0000000000002f6b       0x49 /opt/devkitpro/libctru/lib/libctru.a(allocateHeaps.o)
 .debug_loc     0x0000000000002fb4       0xfb /opt/devkitpro/libctru/lib/libctru.a(initArgv.o)
 .debug_loc     0x00000000000030af      0x2f2 /opt/devkitpro/libctru/lib/libctru.a(vram.o)
 .debug_loc     0x00000000000033a1      0x1bf /opt/devkitpro/libctru/lib/libctru.a(mappable.o)
 .debug_loc     0x0000000000003560      0x2ec /opt/devkitpro/libctru/lib/libctru.a(linear.o)
 .debug_loc     0x000000000000384c      0x8d3 /opt/devkitpro/libctru/lib/libctru.a(mem_pool.o)
 .debug_loc     0x000000000000411f      0x954 /opt/devkitpro/libctru/lib/libctru.a(synchronization.o)
 .debug_loc     0x0000000000004a73      0x2e4 /opt/devkitpro/libctru/lib/libctru.a(os.o)
 .debug_loc     0x0000000000004d57      0x5b1 /opt/devkitpro/libctru/lib/libctru.a(srv.o)
 .debug_loc     0x0000000000005308      0x398 /opt/devkitpro/libctru/lib/libctru.a(thread.o)
 .debug_loc     0x00000000000056a0      0x3ab /opt/devkitpro/libctru/lib/libctru.a(irrst.o)
 .debug_loc     0x0000000000005a4b       0x34 /opt/devkitpro/libctru/lib/libctru.a(ptmsysm.o)
 .debug_loc     0x0000000000005a7f      0x3ec /opt/devkitpro/libctru/lib/libctru.a(rbtree_insert.o)
 .debug_loc     0x0000000000005e6b       0xa1 /opt/devkitpro/libctru/lib/libctru.a(rbtree_rotate.o)
 .debug_loc     0x0000000000005f0c      0x4b0 /opt/devkitpro/libctru/lib/libctru.a(rbtree_remove.o)
 .debug_loc     0x00000000000063bc      0x10d /opt/devkitpro/libctru/lib/libctru.a(rbtree_find.o)
 .debug_loc     0x00000000000064c9       0x21 /opt/devkitpro/libctru/lib/libctru.a(ctru_exit.o)
 .debug_loc     0x00000000000064ea      0x149 /opt/devkitpro/libctru/lib/libctru.a(env.o)
 .debug_loc     0x0000000000006633     0x147a /opt/devkitpro/libctru/lib/libctru.a(sdmc_dev.o)
 .debug_loc     0x0000000000007aad     0x334a /opt/devkitpro/libctru/lib/libctru.a(fs.o)
 .debug_loc     0x000000000000adf7      0x39c /opt/devkitpro/libctru/lib/libctru.a(rbtree_iterator.o)
 .debug_loc     0x000000000000b193       0xd2 /opt/devkitpro/libctru/lib/libctru.a(utf8_to_utf16.o)
 .debug_loc     0x000000000000b265      0x232 /opt/devkitpro/libctru/lib/libctru.a(decode_utf8.o)
 .debug_loc     0x000000000000b497       0xec /opt/devkitpro/libctru/lib/libctru.a(utf16_to_utf8.o)
 .debug_loc     0x000000000000b583       0xdc /opt/devkitpro/libctru/lib/libctru.a(encode_utf16.o)
 .debug_loc     0x000000000000b65f      0x1aa /opt/devkitpro/libctru/lib/libctru.a(encode_utf8.o)
 .debug_loc     0x000000000000b809       0xc4 /opt/devkitpro/libctru/lib/libctru.a(decode_utf16.o)

.debug_macinfo
 *(.debug_macinfo)
LOAD /opt/devkitpro/devkitARM/lib/gcc/arm-none-eabi/5.3.0/../../../../arm-none-eabi/lib/armv6k/fpu/3dsx_crt0.o
LOAD /opt/devkitpro/devkitARM/lib/gcc/arm-none-eabi/5.3.0/armv6k/fpu/crti.o
LOAD /opt/devkitpro/devkitARM/lib/gcc/arm-none-eabi/5.3.0/armv6k/fpu/crtbegin.o
LOAD main.o
LOAD /opt/devkitpro/libctru/lib/libctru.a
LOAD /opt/devkitpro/devkitARM/lib/gcc/arm-none-eabi/5.3.0/../../../../arm-none-eabi/lib/armv6k/fpu/libm.a
START GROUP
LOAD /opt/devkitpro/devkitARM/lib/gcc/arm-none-eabi/5.3.0/armv6k/fpu/libgcc.a
LOAD /opt/devkitpro/devkitARM/lib/gcc/arm-none-eabi/5.3.0/../../../../arm-none-eabi/lib/armv6k/fpu/libg.a
LOAD /opt/devkitpro/devkitARM/lib/gcc/arm-none-eabi/5.3.0/../../../../arm-none-eabi/lib/armv6k/fpu/libc.a
LOAD /opt/devkitpro/devkitARM/lib/gcc/arm-none-eabi/5.3.0/../../../../arm-none-eabi/lib/armv6k/fpu/libsysbase.a
END GROUP
LOAD /opt/devkitpro/devkitARM/lib/gcc/arm-none-eabi/5.3.0/armv6k/fpu/crtend.o
LOAD /opt/devkitpro/devkitARM/lib/gcc/arm-none-eabi/5.3.0/armv6k/fpu/crtn.o
OUTPUT(/home/jsa/3ds/TwoFactor/tinytot/tinytot.elf elf32-littlearm)

.ARM.attributes
                0x0000000000000000       0x30
 .ARM.attributes
                0x0000000000000000       0x1e /opt/devkitpro/devkitARM/lib/gcc/arm-none-eabi/5.3.0/../../../../arm-none-eabi/lib/armv6k/fpu/3dsx_crt0.o
 .ARM.attributes
                0x000000000000001e       0x1c /opt/devkitpro/devkitARM/lib/gcc/arm-none-eabi/5.3.0/armv6k/fpu/crti.o
 .ARM.attributes
                0x000000000000003a       0x30 /opt/devkitpro/devkitARM/lib/gcc/arm-none-eabi/5.3.0/armv6k/fpu/crtbegin.o
 .ARM.attributes
                0x000000000000006a       0x30 main.o
 .ARM.attributes
                0x000000000000009a       0x30 /opt/devkitpro/libctru/lib/libctru.a(gfx.o)
 .ARM.attributes
                0x00000000000000ca       0x30 /opt/devkitpro/libctru/lib/libctru.a(gx.o)
 .ARM.attributes
                0x00000000000000fa       0x30 /opt/devkitpro/libctru/lib/libctru.a(gspgpu.o)
 .ARM.attributes
                0x000000000000012a       0x30 /opt/devkitpro/libctru/lib/libctru.a(apt.o)
 .ARM.attributes
                0x000000000000015a       0x30 /opt/devkitpro/libctru/lib/libctru.a(hid.o)
 .ARM.attributes
                0x000000000000018a       0x30 /opt/devkitpro/libctru/lib/libctru.a(initSystem.o)
 .ARM.attributes
                0x00000000000001ba       0x30 /opt/devkitpro/libctru/lib/libctru.a(syscalls.o)
 .ARM.attributes
                0x00000000000001ea       0x30 /opt/devkitpro/libctru/lib/libctru.a(allocateHeaps.o)
 .ARM.attributes
                0x000000000000021a       0x30 /opt/devkitpro/libctru/lib/libctru.a(initArgv.o)
 .ARM.attributes
                0x000000000000024a       0x1a /opt/devkitpro/libctru/lib/libctru.a(svc.o)
 .ARM.attributes
                0x0000000000000264       0x1a /opt/devkitpro/libctru/lib/libctru.a(stack_adjust.o)
 .ARM.attributes
                0x000000000000027e       0x30 /opt/devkitpro/libctru/lib/libctru.a(vram.o)
 .ARM.attributes
                0x00000000000002ae       0x30 /opt/devkitpro/libctru/lib/libctru.a(mappable.o)
 .ARM.attributes
                0x00000000000002de       0x30 /opt/devkitpro/libctru/lib/libctru.a(linear.o)
 .ARM.attributes
                0x000000000000030e       0x30 /opt/devkitpro/libctru/lib/libctru.a(mem_pool.o)
 .ARM.attributes
                0x000000000000033e       0x30 /opt/devkitpro/libctru/lib/libctru.a(synchronization.o)
 .ARM.attributes
                0x000000000000036e       0x30 /opt/devkitpro/libctru/lib/libctru.a(os.o)
 .ARM.attributes
                0x000000000000039e       0x30 /opt/devkitpro/libctru/lib/libctru.a(srv.o)
 .ARM.attributes
                0x00000000000003ce       0x30 /opt/devkitpro/libctru/lib/libctru.a(thread.o)
 .ARM.attributes
                0x00000000000003fe       0x30 /opt/devkitpro/libctru/lib/libctru.a(irrst.o)
 .ARM.attributes